** Drc report for Lamoka1.kicad_pcb **
** Created on 2026-10-05T23:07:19 **
** Report includes: Errors, Warnings, Exclusions **

** Found 89 DRC violations **
[via_diameter]: Via diameter (board setup constraints min diameter 0.6000 mm; actual 0.5000 mm)
    Rule: netclass 'Default'; error
    @(359.2300 mm, 262.9300 mm): Via [/Inversion-Section/CSP] on F.Cu - B.Cu
[via_diameter]: Via diameter (board setup constraints min diameter 0.6000 mm; actual 0.5000 mm)
    Rule: netclass 'Default'; error
    @(367.3600 mm, 257.5000 mm): Via [/Inversion-Section/CSP] on F.Cu - B.Cu
[via_diameter]: Via diameter (board setup constraints min diameter 0.6000 mm; actual 0.5000 mm)
    Rule: netclass 'Default'; error
    @(368.0700 mm, 258.0000 mm): Via [/Inversion-Section/CSN] on F.Cu - B.Cu
[via_diameter]: Via diameter (board setup constraints min diameter 0.6000 mm; actual 0.5000 mm)
    Rule: netclass 'Default'; error
    @(412.7800 mm, 228.7400 mm): Via [Net-(U6-HO)] on F.Cu - B.Cu
[via_diameter]: Via diameter (board setup constraints min diameter 0.6000 mm; actual 0.5000 mm)
    Rule: netclass 'Default'; error
    @(410.9800 mm, 251.1500 mm): Via [/Inversion-Section/LO1] on F.Cu - B.Cu
[via_diameter]: Via diameter (board setup constraints min diameter 0.6000 mm; actual 0.5000 mm)
    Rule: netclass 'Default'; error
    @(374.1300 mm, 269.2700 mm): Via [/Inversion-Section/VIN] on F.Cu - B.Cu
[via_diameter]: Via diameter (board setup constraints min diameter 0.6000 mm; actual 0.5000 mm)
    Rule: netclass 'Default'; error
    @(377.6300 mm, 269.6700 mm): Via [/Inversion-Section/UVLO] on F.Cu - B.Cu
[via_diameter]: Via diameter (board setup constraints min diameter 0.6000 mm; actual 0.5000 mm)
    Rule: netclass 'Default'; error
    @(415.4300 mm, 241.1900 mm): Via [Net-(U5-HO)] on F.Cu - B.Cu
[via_diameter]: Via diameter (board setup constraints min diameter 0.6000 mm; actual 0.5000 mm)
    Rule: netclass 'Default'; error
    @(416.7000 mm, 218.7500 mm): Via [/Inversion-Section/LO2] on F.Cu - B.Cu
[via_diameter]: Via diameter (board setup constraints min diameter 0.6000 mm; actual 0.5000 mm)
    Rule: netclass 'Default'; error
    @(383.2800 mm, 256.9600 mm): Via [/Inversion-Section/SW] on F.Cu - B.Cu
[via_diameter]: Via diameter (board setup constraints min diameter 0.6000 mm; actual 0.5000 mm)
    Rule: netclass 'Default'; error
    @(393.1300 mm, 253.7400 mm): Via [/Inversion-Section/SW] on F.Cu - B.Cu
[via_diameter]: Via diameter (board setup constraints min diameter 0.6000 mm; actual 0.5000 mm)
    Rule: netclass 'Default'; error
    @(384.2200 mm, 255.0500 mm): Via [/Inversion-Section/SW] on F.Cu - B.Cu
[via_diameter]: Via diameter (board setup constraints min diameter 0.6000 mm; actual 0.5000 mm)
    Rule: netclass 'Default'; error
    @(389.4200 mm, 256.4800 mm): Via [/Inversion-Section/LO] on F.Cu - B.Cu
[via_diameter]: Via diameter (board setup constraints min diameter 0.6000 mm; actual 0.5000 mm)
    Rule: netclass 'Default'; error
    @(395.1400 mm, 257.8400 mm): Via [/Inversion-Section/HO] on F.Cu - B.Cu
[via_diameter]: Via diameter (board setup constraints min diameter 0.6000 mm; actual 0.5000 mm)
    Rule: netclass 'Default'; error
    @(385.0000 mm, 258.7000 mm): Via [/Inversion-Section/BST] on F.Cu - B.Cu
[via_diameter]: Via diameter (board setup constraints min diameter 0.6000 mm; actual 0.5000 mm)
    Rule: netclass 'Default'; error
    @(385.8900 mm, 254.3800 mm): Via [/Inversion-Section/BST] on F.Cu - B.Cu
[via_diameter]: Via diameter (board setup constraints min diameter 0.6000 mm; actual 0.5000 mm)
    Rule: netclass 'Default'; error
    @(381.7500 mm, 256.5400 mm): Via [/Inversion-Section/VCC] on F.Cu - B.Cu
[via_diameter]: Via diameter (board setup constraints min diameter 0.6000 mm; actual 0.5000 mm)
    Rule: netclass 'Default'; error
    @(382.1700 mm, 254.8100 mm): Via [/Inversion-Section/VCC] on F.Cu - B.Cu
[via_diameter]: Via diameter (board setup constraints min diameter 0.6000 mm; actual 0.5000 mm)
    Rule: netclass 'Default'; error
    @(337.6000 mm, 255.0000 mm): Via [/Control-Section/PG] on F.Cu - B.Cu
[via_diameter]: Via diameter (board setup constraints min diameter 0.6000 mm; actual 0.5000 mm)
    Rule: netclass 'Default'; error
    @(336.5300 mm, 248.3000 mm): Via [/Control-Section/PG] on F.Cu - B.Cu
[annular_width]: Annular width (board setup constraints min annular width 0.1500 mm; actual 0.1000 mm)
    Rule: board setup constraints; error
    @(359.2300 mm, 262.9300 mm): Via [/Inversion-Section/CSP] on F.Cu - B.Cu
[annular_width]: Annular width (board setup constraints min annular width 0.1500 mm; actual 0.1000 mm)
    Rule: board setup constraints; error
    @(367.3600 mm, 257.5000 mm): Via [/Inversion-Section/CSP] on F.Cu - B.Cu
[annular_width]: Annular width (board setup constraints min annular width 0.1500 mm; actual 0.1000 mm)
    Rule: board setup constraints; error
    @(368.0700 mm, 258.0000 mm): Via [/Inversion-Section/CSN] on F.Cu - B.Cu
[annular_width]: Annular width (board setup constraints min annular width 0.1500 mm; actual 0.1000 mm)
    Rule: board setup constraints; error
    @(412.7800 mm, 228.7400 mm): Via [Net-(U6-HO)] on F.Cu - B.Cu
[annular_width]: Annular width (board setup constraints min annular width 0.1500 mm; actual 0.1000 mm)
    Rule: board setup constraints; error
    @(410.9800 mm, 251.1500 mm): Via [/Inversion-Section/LO1] on F.Cu - B.Cu
[annular_width]: Annular width (board setup constraints min annular width 0.1500 mm; actual 0.1000 mm)
    Rule: board setup constraints; error
    @(374.1300 mm, 269.2700 mm): Via [/Inversion-Section/VIN] on F.Cu - B.Cu
[annular_width]: Annular width (board setup constraints min annular width 0.1500 mm; actual 0.1000 mm)
    Rule: board setup constraints; error
    @(377.6300 mm, 269.6700 mm): Via [/Inversion-Section/UVLO] on F.Cu - B.Cu
[annular_width]: Annular width (board setup constraints min annular width 0.1500 mm; actual 0.1000 mm)
    Rule: board setup constraints; error
    @(415.4300 mm, 241.1900 mm): Via [Net-(U5-HO)] on F.Cu - B.Cu
[annular_width]: Annular width (board setup constraints min annular width 0.1500 mm; actual 0.1000 mm)
    Rule: board setup constraints; error
    @(416.7000 mm, 218.7500 mm): Via [/Inversion-Section/LO2] on F.Cu - B.Cu
[annular_width]: Annular width (board setup constraints min annular width 0.1500 mm; actual 0.1000 mm)
    Rule: board setup constraints; error
    @(383.2800 mm, 256.9600 mm): Via [/Inversion-Section/SW] on F.Cu - B.Cu
[annular_width]: Annular width (board setup constraints min annular width 0.1500 mm; actual 0.1000 mm)
    Rule: board setup constraints; error
    @(393.1300 mm, 253.7400 mm): Via [/Inversion-Section/SW] on F.Cu - B.Cu
[annular_width]: Annular width (board setup constraints min annular width 0.1500 mm; actual 0.1000 mm)
    Rule: board setup constraints; error
    @(384.2200 mm, 255.0500 mm): Via [/Inversion-Section/SW] on F.Cu - B.Cu
[annular_width]: Annular width (board setup constraints min annular width 0.1500 mm; actual 0.1000 mm)
    Rule: board setup constraints; error
    @(389.4200 mm, 256.4800 mm): Via [/Inversion-Section/LO] on F.Cu - B.Cu
[annular_width]: Annular width (board setup constraints min annular width 0.1500 mm; actual 0.1000 mm)
    Rule: board setup constraints; error
    @(395.1400 mm, 257.8400 mm): Via [/Inversion-Section/HO] on F.Cu - B.Cu
[annular_width]: Annular width (board setup constraints min annular width 0.1500 mm; actual 0.1000 mm)
    Rule: board setup constraints; error
    @(385.0000 mm, 258.7000 mm): Via [/Inversion-Section/BST] on F.Cu - B.Cu
[annular_width]: Annular width (board setup constraints min annular width 0.1500 mm; actual 0.1000 mm)
    Rule: board setup constraints; error
    @(385.8900 mm, 254.3800 mm): Via [/Inversion-Section/BST] on F.Cu - B.Cu
[annular_width]: Annular width (board setup constraints min annular width 0.1500 mm; actual 0.1000 mm)
    Rule: board setup constraints; error
    @(381.7500 mm, 256.5400 mm): Via [/Inversion-Section/VCC] on F.Cu - B.Cu
[annular_width]: Annular width (board setup constraints min annular width 0.1500 mm; actual 0.1000 mm)
    Rule: board setup constraints; error
    @(382.1700 mm, 254.8100 mm): Via [/Inversion-Section/VCC] on F.Cu - B.Cu
[annular_width]: Annular width (board setup constraints min annular width 0.1500 mm; actual 0.1000 mm)
    Rule: board setup constraints; error
    @(337.6000 mm, 255.0000 mm): Via [/Control-Section/PG] on F.Cu - B.Cu
[annular_width]: Annular width (board setup constraints min annular width 0.1500 mm; actual 0.1000 mm)
    Rule: board setup constraints; error
    @(336.5300 mm, 248.3000 mm): Via [/Control-Section/PG] on F.Cu - B.Cu
[silk_over_copper]: Silkscreen clipped by solder mask
    Local override; warning
    @(375.1100 mm, 267.3400 mm): Reference field of Rvin1
    @(375.6200 mm, 268.2400 mm): Pad 1 [/Inversion-Section/CSP] of Rvin1 on F.Cu
[silk_over_copper]: Silkscreen clipped by solder mask
    Local override; warning
    @(375.1100 mm, 267.3400 mm): Reference field of Rvin1
    @(375.8575 mm, 266.5900 mm): Pad 1 [/Inversion-Section/CSP] of Rsense1 on F.Cu
[silk_over_copper]: Silkscreen clipped by solder mask
    Local override; warning
    @(407.1500 mm, 208.0100 mm): PCB text 'Danger!
High Voltage

' on B.Silkscreen
    @(404.1000 mm, 191.5200 mm): PTH pad 3 [/BROWN] of J1
[silk_over_copper]: Silkscreen clipped by solder mask
    Local override; warning
    @(407.1500 mm, 208.0100 mm): PCB text 'Danger!
High Voltage

' on B.Silkscreen
    @(389.1000 mm, 191.5200 mm): PTH pad 5 [/BLACK] of J1
[silk_over_copper]: Silkscreen clipped by solder mask
    Local override; warning
    @(335.2000 mm, 251.0600 mm): Reference field of R19
    @(334.2600 mm, 251.7100 mm): Pad 2 [GND] of C24 on B.Cu
[lib_footprint_mismatch]: Footprint 'CP_Elec_8x11.9' does not match copy in library 'Capacitor_SMD'
    Local override; warning
    @(403.2400 mm, 259.8900 mm): Footprint Cout3
[lib_footprint_mismatch]: Footprint 'CONN3_2604-1103_WAG' does not match copy in library '2604-1103'
    Local override; warning
    @(357.9831 mm, 198.0600 mm): Footprint J5
[lib_footprint_mismatch]: Footprint 'R_0603_1608Metric' does not match copy in library 'Resistor_SMD'
    Local override; warning
    @(301.3950 mm, 215.7000 mm): Footprint R4
[lib_footprint_mismatch]: Footprint 'R_0603_1608Metric' does not match copy in library 'Resistor_SMD'
    Local override; warning
    @(298.8250 mm, 221.4600 mm): Footprint R24
[lib_footprint_mismatch]: Footprint 'CP_Elec_8x11.9' does not match copy in library 'Capacitor_SMD'
    Local override; warning
    @(412.1975 mm, 259.8900 mm): Footprint Cout2
[lib_footprint_mismatch]: Footprint 'CONN8_2606-1108&slash_010-000_WAG' does not match copy in library '2606-1108/010-000'
    Local override; warning
    @(419.1000 mm, 191.5200 mm): Footprint J1
[lib_footprint_mismatch]: Footprint 'DQG0008A' does not match copy in library 'CSD17304Q3'
    Local override; warning
    @(392.5200 mm, 255.4700 mm): Footprint Q2
[lib_footprint_mismatch]: Footprint 'CP_Elec_8x11.9' does not match copy in library 'Capacitor_SMD'
    Local override; warning
    @(421.1550 mm, 259.8900 mm): Footprint Cout1
[lib_footprint_mismatch]: Footprint 'DQG0008A' does not match copy in library 'CSD16323Q3'
    Local override; warning
    @(396.6850 mm, 256.1550 mm): Footprint Q1
[lib_footprint_mismatch]: Footprint 'CONN2_2606-1352_WAG' does not match copy in library '2606-1352'
    Local override; warning
    @(355.3419 mm, 258.4403 mm): Footprint J2
[lib_footprint_mismatch]: Footprint 'SOT-223-3_TabPin2' does not match copy in library 'Package_TO_SOT_SMD'
    Local override; warning
    @(349.6300 mm, 211.3475 mm): Footprint U2
[lib_footprint_mismatch]: Footprint 'DSG8_1P6X0P9' does not match copy in library 'TPS62160DSGR'
    Local override; warning
    @(336.7400 mm, 253.2900 mm): Footprint U7
[lib_footprint_mismatch]: Footprint 'DO-214AC_VIS' does not match copy in library 'SS14-E3/61T'
    Local override; warning
    @(342.2300 mm, 226.6000 mm): Footprint CR1
[lib_footprint_mismatch]: Footprint 'IND_PA4332.222NLT_PUL' does not match copy in library 'PA4332.222NLT'
    Local override; warning
    @(341.7600 mm, 249.9200 mm): Footprint L3
[lib_footprint_mismatch]: Footprint 'DO-214AC_VIS' does not match copy in library 'SS14-E3/61T'
    Local override; warning
    @(343.7962 mm, 245.5900 mm): Footprint CR2
[silk_edge_clearance]: Silkscreen clipped by board edge
    Rule: board setup constraints silk; warning
    @(332.1268 mm, 180.6054 mm): Rectangle on Edge.Cuts
    @(426.5050 mm, 191.5200 mm): Circle of J1 on F.Silkscreen
[silk_edge_clearance]: Silkscreen clipped by board edge
    Rule: board setup constraints silk; warning
    @(332.1268 mm, 180.6054 mm): Rectangle on Edge.Cuts
    @(426.5050 mm, 191.5200 mm): Circle of J1 on B.Silkscreen
[silk_edge_clearance]: Silkscreen clipped by board edge
    Rule: board setup constraints silk; warning
    @(332.1268 mm, 180.6054 mm): Rectangle on Edge.Cuts
    @(332.9968 mm, 216.4354 mm): Segment of J3 on B.Silkscreen
[silk_edge_clearance]: Silkscreen clipped by board edge
    Rule: board setup constraints silk; warning
    @(332.1268 mm, 180.6054 mm): Rectangle on Edge.Cuts
    @(332.9968 mm, 225.8354 mm): Segment of J3 on B.Silkscreen
[via_dangling]: Via is not connected or connected on only one layer
    Local override; warning
    @(316.7400 mm, 240.1300 mm): Via [GND] on F.Cu - B.Cu
[via_dangling]: Via is not connected or connected on only one layer
    Local override; warning
    @(310.7400 mm, 246.1300 mm): Via [GND] on F.Cu - B.Cu
[via_dangling]: Via is not connected or connected on only one layer
    Local override; warning
    @(314.7400 mm, 238.1300 mm): Via [GND] on F.Cu - B.Cu
[via_dangling]: Via is not connected or connected on only one layer
    Local override; warning
    @(316.7400 mm, 246.1300 mm): Via [GND] on F.Cu - B.Cu
[via_dangling]: Via is not connected or connected on only one layer
    Local override; warning
    @(314.7400 mm, 244.1300 mm): Via [GND] on F.Cu - B.Cu
[via_dangling]: Via is not connected or connected on only one layer
    Local override; warning
    @(318.7400 mm, 244.1300 mm): Via [GND] on F.Cu - B.Cu
[via_dangling]: Via is not connected or connected on only one layer
    Local override; warning
    @(310.7400 mm, 238.1300 mm): Via [GND] on F.Cu - B.Cu
[via_dangling]: Via is not connected or connected on only one layer
    Local override; warning
    @(310.7400 mm, 244.1300 mm): Via [GND] on F.Cu - B.Cu
[via_dangling]: Via is not connected or connected on only one layer
    Local override; warning
    @(316.7400 mm, 238.1300 mm): Via [GND] on F.Cu - B.Cu
[via_dangling]: Via is not connected or connected on only one layer
    Local override; warning
    @(312.7400 mm, 246.1300 mm): Via [GND] on F.Cu - B.Cu
[via_dangling]: Via is not connected or connected on only one layer
    Local override; warning
    @(312.7400 mm, 238.1300 mm): Via [GND] on F.Cu - B.Cu
[via_dangling]: Via is not connected or connected on only one layer
    Local override; warning
    @(312.7400 mm, 244.1300 mm): Via [GND] on F.Cu - B.Cu
[via_dangling]: Via is not connected or connected on only one layer
    Local override; warning
    @(316.7400 mm, 244.1300 mm): Via [GND] on F.Cu - B.Cu
[via_dangling]: Via is not connected or connected on only one layer
    Local override; warning
    @(310.7400 mm, 240.1300 mm): Via [GND] on F.Cu - B.Cu
[via_dangling]: Via is not connected or connected on only one layer
    Local override; warning
    @(318.7400 mm, 238.1300 mm): Via [GND] on F.Cu - B.Cu
[via_dangling]: Via is not connected or connected on only one layer
    Local override; warning
    @(310.7400 mm, 242.1300 mm): Via [GND] on F.Cu - B.Cu
[via_dangling]: Via is not connected or connected on only one layer
    Local override; warning
    @(312.7400 mm, 240.1300 mm): Via [GND] on F.Cu - B.Cu
[via_dangling]: Via is not connected or connected on only one layer
    Local override; warning
    @(318.7400 mm, 242.1300 mm): Via [GND] on F.Cu - B.Cu
[via_dangling]: Via is not connected or connected on only one layer
    Local override; warning
    @(312.7400 mm, 242.1300 mm): Via [GND] on F.Cu - B.Cu
[via_dangling]: Via is not connected or connected on only one layer
    Local override; warning
    @(318.7400 mm, 240.1300 mm): Via [GND] on F.Cu - B.Cu
[via_dangling]: Via is not connected or connected on only one layer
    Local override; warning
    @(314.7400 mm, 240.1300 mm): Via [GND] on F.Cu - B.Cu
[via_dangling]: Via is not connected or connected on only one layer
    Local override; warning
    @(318.7400 mm, 246.1300 mm): Via [GND] on F.Cu - B.Cu
[via_dangling]: Via is not connected or connected on only one layer
    Local override; warning
    @(316.7400 mm, 242.1300 mm): Via [GND] on F.Cu - B.Cu
[via_dangling]: Via is not connected or connected on only one layer
    Local override; warning
    @(314.7400 mm, 246.1300 mm): Via [GND] on F.Cu - B.Cu
[via_dangling]: Via is not connected or connected on only one layer
    Local override; warning
    @(314.7400 mm, 242.1300 mm): Via [GND] on F.Cu - B.Cu

** Found 220 unconnected pads **
[unconnected_items]: Missing connection between items
    Local override; error
    @(361.8800 mm, 249.6300 mm): Track [/Control-Section/AIN4] on F.Cu, length 0.4808 mm
    @(367.5800 mm, 243.9632 mm): Pad 3 [/Control-Section/AIN4] of U10 on B.Cu
[unconnected_items]: Missing connection between items
    Local override; error
    @(369.3032 mm, 243.2400 mm): Pad 16 [/Control-Section/AIN1] of U10 on B.Cu
    @(415.4500 mm, 251.7200 mm): Track [/Control-Section/AIN1] on F.Cu, length 0.5233 mm
[unconnected_items]: Missing connection between items
    Local override; error
    @(297.2850 mm, 218.4600 mm): Pad 2 [GND] of C18 on F.Cu
    @(294.2950 mm, 222.3300 mm): Pad 2 [GND] of NT1 on F.Cu
[unconnected_items]: Missing connection between items
    Local override; error
    @(297.2850 mm, 218.4600 mm): Pad 2 [GND] of C18 on F.Cu
    @(309.9950 mm, 222.1400 mm): Pad 2 [GND] of C17 on F.Cu
[unconnected_items]: Missing connection between items
    Local override; error
    @(310.7400 mm, 238.1300 mm): Via [GND] on F.Cu - B.Cu
    @(309.9950 mm, 222.1400 mm): Pad 2 [GND] of C17 on F.Cu
[unconnected_items]: Missing connection between items
    Local override; error
    @(312.7400 mm, 238.1300 mm): Via [GND] on F.Cu - B.Cu
    @(314.7400 mm, 238.1300 mm): Via [GND] on F.Cu - B.Cu
[unconnected_items]: Missing connection between items
    Local override; error
    @(312.7400 mm, 238.1300 mm): Via [GND] on F.Cu - B.Cu
    @(310.7400 mm, 238.1300 mm): Via [GND] on F.Cu - B.Cu
[unconnected_items]: Missing connection between items
    Local override; error
    @(312.7400 mm, 240.1300 mm): Via [GND] on F.Cu - B.Cu
    @(312.7400 mm, 238.1300 mm): Via [GND] on F.Cu - B.Cu
[unconnected_items]: Missing connection between items
    Local override; error
    @(312.7400 mm, 240.1300 mm): Via [GND] on F.Cu - B.Cu
    @(310.7400 mm, 240.1300 mm): Via [GND] on F.Cu - B.Cu
[unconnected_items]: Missing connection between items
    Local override; error
    @(312.7400 mm, 242.1300 mm): Via [GND] on F.Cu - B.Cu
    @(312.7400 mm, 244.1300 mm): Via [GND] on F.Cu - B.Cu
[unconnected_items]: Missing connection between items
    Local override; error
    @(312.7400 mm, 242.1300 mm): Via [GND] on F.Cu - B.Cu
    @(310.7400 mm, 242.1300 mm): Via [GND] on F.Cu - B.Cu
[unconnected_items]: Missing connection between items
    Local override; error
    @(312.7400 mm, 242.1300 mm): Via [GND] on F.Cu - B.Cu
    @(312.7400 mm, 240.1300 mm): Via [GND] on F.Cu - B.Cu
[unconnected_items]: Missing connection between items
    Local override; error
    @(312.7400 mm, 244.1300 mm): Via [GND] on F.Cu - B.Cu
    @(310.7400 mm, 244.1300 mm): Via [GND] on F.Cu - B.Cu
[unconnected_items]: Missing connection between items
    Local override; error
    @(312.7400 mm, 246.1300 mm): Via [GND] on F.Cu - B.Cu
    @(312.7400 mm, 244.1300 mm): Via [GND] on F.Cu - B.Cu
[unconnected_items]: Missing connection between items
    Local override; error
    @(312.7400 mm, 246.1300 mm): Via [GND] on F.Cu - B.Cu
    @(310.7400 mm, 246.1300 mm): Via [GND] on F.Cu - B.Cu
[unconnected_items]: Missing connection between items
    Local override; error
    @(314.7400 mm, 238.1300 mm): Via [GND] on F.Cu - B.Cu
    @(316.7400 mm, 238.1300 mm): Via [GND] on F.Cu - B.Cu
[unconnected_items]: Missing connection between items
    Local override; error
    @(314.7400 mm, 240.1300 mm): Via [GND] on F.Cu - B.Cu
    @(314.7400 mm, 242.1300 mm): Via [GND] on F.Cu - B.Cu
[unconnected_items]: Missing connection between items
    Local override; error
    @(316.7400 mm, 238.1300 mm): Via [GND] on F.Cu - B.Cu
    @(318.7400 mm, 238.1300 mm): Via [GND] on F.Cu - B.Cu
[unconnected_items]: Missing connection between items
    Local override; error
    @(316.7400 mm, 240.1300 mm): Via [GND] on F.Cu - B.Cu
    @(314.7400 mm, 240.1300 mm): Via [GND] on F.Cu - B.Cu
[unconnected_items]: Missing connection between items
    Local override; error
    @(316.7400 mm, 244.1300 mm): Via [GND] on F.Cu - B.Cu
    @(314.7400 mm, 244.1300 mm): Via [GND] on F.Cu - B.Cu
[unconnected_items]: Missing connection between items
    Local override; error
    @(316.7400 mm, 246.1300 mm): Via [GND] on F.Cu - B.Cu
    @(316.7400 mm, 244.1300 mm): Via [GND] on F.Cu - B.Cu
[unconnected_items]: Missing connection between items
    Local override; error
    @(316.7400 mm, 246.1300 mm): Via [GND] on F.Cu - B.Cu
    @(314.7400 mm, 246.1300 mm): Via [GND] on F.Cu - B.Cu
[unconnected_items]: Missing connection between items
    Local override; error
    @(318.7400 mm, 238.1300 mm): Via [GND] on F.Cu - B.Cu
    @(318.7400 mm, 240.1300 mm): Via [GND] on F.Cu - B.Cu
[unconnected_items]: Missing connection between items
    Local override; error
    @(318.7400 mm, 240.1300 mm): Via [GND] on F.Cu - B.Cu
    @(318.7400 mm, 242.1300 mm): Via [GND] on F.Cu - B.Cu
[unconnected_items]: Missing connection between items
    Local override; error
    @(318.7400 mm, 240.1300 mm): Via [GND] on F.Cu - B.Cu
    @(316.7400 mm, 240.1300 mm): Via [GND] on F.Cu - B.Cu
[unconnected_items]: Missing connection between items
    Local override; error
    @(318.7400 mm, 242.1300 mm): Via [GND] on F.Cu - B.Cu
    @(318.7400 mm, 244.1300 mm): Via [GND] on F.Cu - B.Cu
[unconnected_items]: Missing connection between items
    Local override; error
    @(318.7400 mm, 242.1300 mm): Via [GND] on F.Cu - B.Cu
    @(316.7400 mm, 242.1300 mm): Via [GND] on F.Cu - B.Cu
[unconnected_items]: Missing connection between items
    Local override; error
    @(318.7400 mm, 244.1300 mm): Via [GND] on F.Cu - B.Cu
    @(316.7400 mm, 244.1300 mm): Via [GND] on F.Cu - B.Cu
[unconnected_items]: Missing connection between items
    Local override; error
    @(318.7400 mm, 246.1300 mm): Via [GND] on F.Cu - B.Cu
    @(318.7400 mm, 244.1300 mm): Via [GND] on F.Cu - B.Cu
[unconnected_items]: Missing connection between items
    Local override; error
    @(318.7400 mm, 246.1300 mm): Via [GND] on F.Cu - B.Cu
    @(334.4853 mm, 249.6100 mm): Pad 2 [GND] of R19 on B.Cu
[unconnected_items]: Missing connection between items
    Local override; error
    @(333.9468 mm, 216.8154 mm): PTH pad SH [GND] of J3
    @(338.1268 mm, 216.8154 mm): PTH pad SH [GND] of J3
[unconnected_items]: Missing connection between items
    Local override; error
    @(333.9468 mm, 225.4554 mm): PTH pad SH [GND] of J3
    @(338.1268 mm, 225.4554 mm): PTH pad SH [GND] of J3
[unconnected_items]: Missing connection between items
    Local override; error
    @(334.4853 mm, 249.6100 mm): Pad 2 [GND] of R19 on B.Cu
    @(334.2600 mm, 251.7100 mm): Pad 2 [GND] of C24 on B.Cu
[unconnected_items]: Missing connection between items
    Local override; error
    @(334.4853 mm, 249.6100 mm): Pad 2 [GND] of R19 on B.Cu
    @(337.3876 mm, 246.2200 mm): Pad 1 [GND] of C25 on B.Cu
[unconnected_items]: Missing connection between items
    Local override; error
    @(335.7900 mm, 252.5400 mm): Pad 4 [GND] of U7 on B.Cu
    @(336.7400 mm, 253.2900 mm): Pad 9 [GND] of U7 on B.Cu
[unconnected_items]: Missing connection between items
    Local override; error
    @(335.7900 mm, 252.5400 mm): Pad 4 [GND] of U7 on B.Cu
    @(334.2600 mm, 251.7100 mm): Pad 2 [GND] of C24 on B.Cu
[unconnected_items]: Missing connection between items
    Local override; error
    @(336.7400 mm, 253.2900 mm): Pad 9 [GND] of U7 on B.Cu
    @(335.7900 mm, 254.0400 mm): Pad 1 [GND] of U7 on B.Cu
[unconnected_items]: Missing connection between items
    Local override; error
    @(337.3876 mm, 246.2200 mm): Pad 1 [GND] of C25 on B.Cu
    @(336.6600 mm, 238.3400 mm): PTH pad 1 [GND] of J4
[unconnected_items]: Missing connection between items
    Local override; error
    @(338.0700 mm, 197.8900 mm): Pad 3 [GND] of U8 on F.Cu
    @(346.4800 mm, 209.0475 mm): Pad 1 [GND] of U2 on F.Cu
[unconnected_items]: Missing connection between items
    Local override; error
    @(338.1268 mm, 216.8154 mm): PTH pad SH [GND] of J3
    @(339.0418 mm, 217.8854 mm): Pad A12 [GND] of J3 on B.Cu
[unconnected_items]: Missing connection between items
    Local override; error
    @(338.1268 mm, 225.4554 mm): PTH pad SH [GND] of J3
    @(336.6600 mm, 238.3400 mm): PTH pad 1 [GND] of J4
[unconnected_items]: Missing connection between items
    Local override; error
    @(339.0418 mm, 217.8854 mm): Pad A12 [GND] of J3 on B.Cu
    @(342.7447 mm, 219.3700 mm): Pad 2 [GND] of R3 on B.Cu
[unconnected_items]: Missing connection between items
    Local override; error
    @(339.0418 mm, 224.3854 mm): Pad B12 [GND] of J3 on B.Cu
    @(338.1268 mm, 225.4554 mm): PTH pad SH [GND] of J3
[unconnected_items]: Missing connection between items
    Local override; error
    @(342.7447 mm, 219.3700 mm): Pad 2 [GND] of R3 on B.Cu
    @(342.7447 mm, 222.3700 mm): Pad 2 [GND] of R2 on B.Cu
[unconnected_items]: Missing connection between items
    Local override; error
    @(342.7447 mm, 222.3700 mm): Pad 2 [GND] of R2 on B.Cu
    @(339.0418 mm, 224.3854 mm): Pad B12 [GND] of J3 on B.Cu
[unconnected_items]: Missing connection between items
    Local override; error
    @(343.7400 mm, 211.3475 mm): Pad 2 [GND] of C13 on F.Cu
    @(346.4900 mm, 216.5175 mm): Pad 1 [GND] of C12 on F.Cu
[unconnected_items]: Missing connection between items
    Local override; error
    @(346.4800 mm, 209.0475 mm): Pad 1 [GND] of U2 on F.Cu
    @(343.7400 mm, 211.3475 mm): Pad 2 [GND] of C13 on F.Cu
[unconnected_items]: Missing connection between items
    Local override; error
    @(346.4800 mm, 209.0475 mm): Pad 1 [GND] of U2 on F.Cu
    @(352.9831 mm, 198.0600 mm): PTH pad 3 [GND] of J5
[unconnected_items]: Missing connection between items
    Local override; error
    @(346.4900 mm, 216.5175 mm): Pad 1 [GND] of C12 on F.Cu
    @(342.7447 mm, 219.3700 mm): Pad 2 [GND] of R3 on B.Cu
[unconnected_items]: Missing connection between items
    Local override; error
    @(346.4900 mm, 216.5175 mm): Pad 1 [GND] of C12 on F.Cu
    @(354.8549 mm, 225.2200 mm): PTH pad 4 [GND] of SW1
[unconnected_items]: Missing connection between items
    Local override; error
    @(354.8549 mm, 237.7200 mm): PTH pad 3 [GND] of SW1
    @(357.9437 mm, 241.3125 mm): Pad 1 [GND] of U3 on F.Cu
[unconnected_items]: Missing connection between items
    Local override; error
    @(355.3419 mm, 270.9403 mm): PTH pad 3 [GND] of J2
    @(342.8419 mm, 270.9403 mm): PTH pad 4 [GND] of J2
[unconnected_items]: Missing connection between items
    Local override; error
    @(355.8030 mm, 242.7450 mm): Pad 2 [GND] of C11 on F.Cu
    @(357.9437 mm, 241.3125 mm): Pad 1 [GND] of U3 on F.Cu
[unconnected_items]: Missing connection between items
    Local override; error
    @(358.8050 mm, 265.7050 mm): Pad 2 [GND] of C27 on F.Cu
    @(360.3350 mm, 268.8050 mm): Pad 2 [GND] of R26 on F.Cu
[unconnected_items]: Missing connection between items
    Local override; error
    @(358.8050 mm, 265.7050 mm): Pad 2 [GND] of C27 on F.Cu
    @(359.0240 mm, 253.8950 mm): Pad 7 [GND] of IC1 on F.Cu
[unconnected_items]: Missing connection between items
    Local override; error
    @(359.8437 mm, 241.3125 mm): Pad 3 [GND] of U3 on F.Cu
    @(357.9437 mm, 241.3125 mm): Pad 1 [GND] of U3 on F.Cu
[unconnected_items]: Missing connection between items
    Local override; error
    @(359.8770 mm, 230.4200 mm): Pad 3 [GND] of D1 on F.Cu
    @(354.8549 mm, 225.2200 mm): PTH pad 4 [GND] of SW1
[unconnected_items]: Missing connection between items
    Local override; error
    @(359.8770 mm, 230.4200 mm): Pad 3 [GND] of D1 on F.Cu
    @(367.1100 mm, 230.4200 mm): Pad 3 [GND] of D2 on F.Cu
[unconnected_items]: Missing connection between items
    Local override; error
    @(360.3350 mm, 268.8050 mm): Pad 2 [GND] of R26 on F.Cu
    @(355.3419 mm, 270.9403 mm): PTH pad 3 [GND] of J2
[unconnected_items]: Missing connection between items
    Local override; error
    @(363.2950 mm, 241.4500 mm): Pad 2 [GND] of C26 on B.Cu
    @(359.8437 mm, 241.3125 mm): Pad 3 [GND] of U3 on F.Cu
[unconnected_items]: Missing connection between items
    Local override; error
    @(363.2950 mm, 241.4500 mm): Pad 2 [GND] of C26 on B.Cu
    @(367.0800 mm, 241.0168 mm): Pad 9 [GND] of U10 on B.Cu
[unconnected_items]: Missing connection between items
    Local override; error
    @(363.2950 mm, 241.4500 mm): Pad 2 [GND] of C26 on B.Cu
    @(364.7330 mm, 237.2900 mm): Pad 2 [GND] of C1 on F.Cu
[unconnected_items]: Missing connection between items
    Local override; error
    @(363.2950 mm, 241.4500 mm): Pad 2 [GND] of C26 on B.Cu
    @(363.7700 mm, 249.6300 mm): Pad 2 [GND] of C31 on F.Cu
[unconnected_items]: Missing connection between items
    Local override; error
    @(363.7700 mm, 249.6300 mm): Pad 2 [GND] of C31 on F.Cu
    @(364.4460 mm, 252.6250 mm): Pad 3 [GND] of IC1 on F.Cu
[unconnected_items]: Missing connection between items
    Local override; error
    @(364.4460 mm, 253.8950 mm): Pad 2 [GND] of IC1 on F.Cu
    @(364.4460 mm, 252.6250 mm): Pad 3 [GND] of IC1 on F.Cu
[unconnected_items]: Missing connection between items
    Local override; error
    @(364.4460 mm, 253.8950 mm): Pad 2 [GND] of IC1 on F.Cu
    @(359.0240 mm, 253.8950 mm): Pad 7 [GND] of IC1 on F.Cu
[unconnected_items]: Missing connection between items
    Local override; error
    @(366.7250 mm, 252.6600 mm): Pad 2 [GND] of Rfbb1 on B.Cu
    @(366.7250 mm, 253.7200 mm): Pad 2 [GND] of Rt1 on B.Cu
[unconnected_items]: Missing connection between items
    Local override; error
    @(366.7250 mm, 252.6600 mm): Pad 2 [GND] of Rfbb1 on B.Cu
    @(364.4460 mm, 252.6250 mm): Pad 3 [GND] of IC1 on F.Cu
[unconnected_items]: Missing connection between items
    Local override; error
    @(366.7250 mm, 253.7200 mm): Pad 2 [GND] of Rt1 on B.Cu
    @(366.7750 mm, 254.7700 mm): Pad 2 [GND] of Css1 on B.Cu
[unconnected_items]: Missing connection between items
    Local override; error
    @(366.7250 mm, 253.7200 mm): Pad 2 [GND] of Rt1 on B.Cu
    @(369.4800 mm, 253.2900 mm): Pad 9 [GND] of U4 on B.Cu
[unconnected_items]: Missing connection between items
    Local override; error
    @(367.0800 mm, 241.0168 mm): Pad 9 [GND] of U10 on B.Cu
    @(371.9715 mm, 237.2900 mm): Pad 2 [GND] of C2 on F.Cu
[unconnected_items]: Missing connection between items
    Local override; error
    @(367.8300 mm, 242.4900 mm): Pad 17 [GND] of U10 on B.Cu
    @(367.0800 mm, 241.0168 mm): Pad 9 [GND] of U10 on B.Cu
[unconnected_items]: Missing connection between items
    Local override; error
    @(369.4800 mm, 253.2900 mm): Pad 9 [GND] of U4 on B.Cu
    @(375.1800 mm, 253.9400 mm): Pad 13 [GND] of U4 on B.Cu
[unconnected_items]: Missing connection between items
    Local override; error
    @(369.4800 mm, 257.8400 mm): Pad 2 [GND] of U4 on B.Cu
    @(366.7750 mm, 254.7700 mm): Pad 2 [GND] of Css1 on B.Cu
[unconnected_items]: Missing connection between items
    Local override; error
    @(371.9000 mm, 271.1900 mm): Pad 2 [GND] of Cin1 on F.Cu
    @(375.6200 mm, 271.2400 mm): Pad 2 [GND] of Cvin1 on F.Cu
[unconnected_items]: Missing connection between items
    Local override; error
    @(371.9000 mm, 271.1900 mm): Pad 2 [GND] of Cin1 on F.Cu
    @(360.3350 mm, 268.8050 mm): Pad 2 [GND] of R26 on F.Cu
[unconnected_items]: Missing connection between items
    Local override; error
    @(372.8987 mm, 222.6750 mm): Pad 2 [GND] of C20 on B.Cu
    @(373.2481 mm, 218.7455 mm): Pad 4 [GND] of X1 on B.Cu
[unconnected_items]: Missing connection between items
    Local override; error
    @(372.8987 mm, 222.6750 mm): Pad 2 [GND] of C20 on B.Cu
    @(374.3430 mm, 230.4200 mm): Pad 3 [GND] of D3 on F.Cu
[unconnected_items]: Missing connection between items
    Local override; error
    @(373.2481 mm, 218.7455 mm): Pad 4 [GND] of X1 on B.Cu
    @(365.6900 mm, 219.4900 mm): Pad 61 [GND] of U1 on B.Cu
[unconnected_items]: Missing connection between items
    Local override; error
    @(374.3430 mm, 230.4200 mm): Pad 3 [GND] of D3 on F.Cu
    @(367.1100 mm, 230.4200 mm): Pad 3 [GND] of D2 on F.Cu
[unconnected_items]: Missing connection between items
    Local override; error
    @(375.1800 mm, 253.9400 mm): Pad 13 [GND] of U4 on B.Cu
    @(375.1800 mm, 255.2400 mm): Pad 15 [GND] of U4 on B.Cu
[unconnected_items]: Missing connection between items
    Local override; error
    @(375.1800 mm, 253.9400 mm): Pad 13 [GND] of U4 on B.Cu
    @(377.5050 mm, 253.2400 mm): Pad 2 [GND] of Rslope1 on B.Cu
[unconnected_items]: Missing connection between items
    Local override; error
    @(376.1119 mm, 219.1345 mm): Pad 2 [GND] of X1 on B.Cu
    @(373.2481 mm, 218.7455 mm): Pad 4 [GND] of X1 on B.Cu
[unconnected_items]: Missing connection between items
    Local override; error
    @(376.6175 mm, 215.3361 mm): Pad 2 [GND] of C21 on B.Cu
    @(376.1119 mm, 219.1345 mm): Pad 2 [GND] of X1 on B.Cu
[unconnected_items]: Missing connection between items
    Local override; error
    @(376.7100 mm, 271.2800 mm): Pad 2 [GND] of Ruvb1 on F.Cu
    @(375.6200 mm, 271.2400 mm): Pad 2 [GND] of Cvin1 on F.Cu
[unconnected_items]: Missing connection between items
    Local override; error
    @(379.1350 mm, 254.6800 mm): Pad 2 [GND] of Cres1 on B.Cu
    @(377.5050 mm, 253.2400 mm): Pad 2 [GND] of Rslope1 on B.Cu
[unconnected_items]: Missing connection between items
    Local override; error
    @(379.1350 mm, 254.6800 mm): Pad 2 [GND] of Cres1 on B.Cu
    @(382.1700 mm, 250.6300 mm): Pad 1 [GND] of C33 on B.Cu
[unconnected_items]: Missing connection between items
    Local override; error
    @(379.2093 mm, 237.2900 mm): Pad 2 [GND] of C3 on F.Cu
    @(371.9715 mm, 237.2900 mm): Pad 2 [GND] of C2 on F.Cu
[unconnected_items]: Missing connection between items
    Local override; error
    @(381.5759 mm, 230.4200 mm): Pad 3 [GND] of D4 on F.Cu
    @(374.3430 mm, 230.4200 mm): Pad 3 [GND] of D3 on F.Cu
[unconnected_items]: Missing connection between items
    Local override; error
    @(381.5759 mm, 230.4200 mm): Pad 3 [GND] of D4 on F.Cu
    @(388.8089 mm, 230.4200 mm): Pad 3 [GND] of D5 on F.Cu
[unconnected_items]: Missing connection between items
    Local override; error
    @(382.1700 mm, 250.6300 mm): Pad 1 [GND] of C33 on B.Cu
    @(390.9950 mm, 254.4950 mm): Pad 1 [GND] of Q2 on F.Cu
[unconnected_items]: Missing connection between items
    Local override; error
    @(386.4471 mm, 237.2900 mm): Pad 2 [GND] of C4 on F.Cu
    @(379.2093 mm, 237.2900 mm): Pad 2 [GND] of C3 on F.Cu
[unconnected_items]: Missing connection between items
    Local override; error
    @(386.4471 mm, 237.2900 mm): Pad 2 [GND] of C4 on F.Cu
    @(393.6848 mm, 237.2900 mm): Pad 2 [GND] of C5 on F.Cu
[unconnected_items]: Missing connection between items
    Local override; error
    @(386.4471 mm, 237.2900 mm): Pad 2 [GND] of C4 on F.Cu
    @(388.8089 mm, 230.4200 mm): Pad 3 [GND] of D5 on F.Cu
[unconnected_items]: Missing connection between items
    Local override; error
    @(387.8200 mm, 209.4000 mm): Pad 2 [GND] of R32 on F.Cu
    @(387.8600 mm, 207.8200 mm): Pad 2 [GND] of C30 on F.Cu
[unconnected_items]: Missing connection between items
    Local override; error
    @(387.8200 mm, 209.4000 mm): Pad 2 [GND] of R32 on F.Cu
    @(388.5407 mm, 214.6000 mm): Pad 3 [GND] of U9 on F.Cu
[unconnected_items]: Missing connection between items
    Local override; error
    @(388.5407 mm, 214.6000 mm): Pad 3 [GND] of U9 on F.Cu
    @(400.1000 mm, 213.1500 mm): PTH pad 3 [GND] of Q6
[unconnected_items]: Missing connection between items
    Local override; error
    @(388.5407 mm, 214.6000 mm): Pad 3 [GND] of U9 on F.Cu
    @(376.6175 mm, 215.3361 mm): Pad 2 [GND] of C21 on B.Cu
[unconnected_items]: Missing connection between items
    Local override; error
    @(390.9950 mm, 255.1450 mm): Pad 2 [GND] of Q2 on F.Cu
    @(390.9950 mm, 254.4950 mm): Pad 1 [GND] of Q2 on F.Cu
[unconnected_items]: Missing connection between items
    Local override; error
    @(390.9950 mm, 255.7950 mm): Pad 3 [GND] of Q2 on F.Cu
    @(390.9950 mm, 255.1450 mm): Pad 2 [GND] of Q2 on F.Cu
[unconnected_items]: Missing connection between items
    Local override; error
    @(390.9950 mm, 255.7950 mm): Pad 3 [GND] of Q2 on F.Cu
    @(397.3800 mm, 261.9750 mm): Pad 2 [GND] of Coutx1 on F.Cu
[unconnected_items]: Missing connection between items
    Local override; error
    @(397.3800 mm, 261.9750 mm): Pad 2 [GND] of Coutx1 on F.Cu
    @(403.2400 mm, 263.3650 mm): Pad 2 [GND] of Cout3 on F.Cu
[unconnected_items]: Missing connection between items
    Local override; error
    @(400.1000 mm, 213.1500 mm): PTH pad 3 [GND] of Q6
    @(412.9400 mm, 221.4851 mm): Pad 3 [GND] of U6 on B.Cu
[unconnected_items]: Missing connection between items
    Local override; error
    @(400.1000 mm, 246.0600 mm): PTH pad 3 [GND] of Q5
    @(393.6848 mm, 237.2900 mm): Pad 2 [GND] of C5 on F.Cu
[unconnected_items]: Missing connection between items
    Local override; error
    @(403.2400 mm, 263.3650 mm): Pad 2 [GND] of Cout3 on F.Cu
    @(412.1975 mm, 263.3650 mm): Pad 2 [GND] of Cout2 on F.Cu
[unconnected_items]: Missing connection between items
    Local override; error
    @(412.9400 mm, 221.4851 mm): Pad 3 [GND] of U6 on B.Cu
    @(415.4800 mm, 221.4851 mm): Pad 5 [GND] of U6 on B.Cu
[unconnected_items]: Missing connection between items
    Local override; error
    @(412.9400 mm, 249.0076 mm): Pad 5 [GND] of U5 on B.Cu
    @(415.4800 mm, 249.0076 mm): Pad 3 [GND] of U5 on B.Cu
[unconnected_items]: Missing connection between items
    Local override; error
    @(414.0000 mm, 251.6500 mm): Pad 2 [GND] of R28 on F.Cu
    @(412.9400 mm, 249.0076 mm): Pad 5 [GND] of U5 on B.Cu
[unconnected_items]: Missing connection between items
    Local override; error
    @(414.0000 mm, 251.6500 mm): Pad 2 [GND] of R28 on F.Cu
    @(412.1975 mm, 263.3650 mm): Pad 2 [GND] of Cout2 on F.Cu
[unconnected_items]: Missing connection between items
    Local override; error
    @(417.1500 mm, 250.1350 mm): Pad 2 [GND] of C28 on F.Cu
    @(415.4800 mm, 249.0076 mm): Pad 3 [GND] of U5 on B.Cu
[unconnected_items]: Missing connection between items
    Local override; error
    @(421.1550 mm, 263.3650 mm): Pad 2 [GND] of Cout1 on F.Cu
    @(412.1975 mm, 263.3650 mm): Pad 2 [GND] of Cout2 on F.Cu
[unconnected_items]: Missing connection between items
    Local override; error
    @(421.8350 mm, 210.2100 mm): Pad 2 [GND] of C29 on F.Cu
    @(421.8800 mm, 208.6250 mm): Pad 2 [GND] of R30 on F.Cu
[unconnected_items]: Missing connection between items
    Local override; error
    @(421.8350 mm, 210.2100 mm): Pad 2 [GND] of C29 on F.Cu
    @(415.4800 mm, 221.4851 mm): Pad 5 [GND] of U6 on B.Cu
[unconnected_items]: Missing connection between items
    Local override; error
    @(389.2600 mm, 207.9700 mm): Track [/Control-Section/AIN3] on F.Cu, length 1.6000 mm
    @(368.0800 mm, 243.9632 mm): Pad 2 [/Control-Section/AIN3] of U10 on B.Cu
[unconnected_items]: Missing connection between items
    Local override; error
    @(342.2300 mm, 227.9208 mm): Pad 1 [/Control-Section/5V] of CR1 on B.Cu
    @(345.1170 mm, 245.5900 mm): Pad 1 [/Control-Section/5V] of CR2 on B.Cu
[unconnected_items]: Missing connection between items
    Local override; error
    @(345.1170 mm, 245.5900 mm): Pad 1 [/Control-Section/5V] of CR2 on B.Cu
    @(355.8030 mm, 239.7950 mm): Pad 1 [/Control-Section/5V] of C11 on F.Cu
[unconnected_items]: Missing connection between items
    Local override; error
    @(346.4800 mm, 213.6475 mm): Pad 3 [/Control-Section/5V] of U2 on F.Cu
    @(346.4900 mm, 215.5575 mm): Pad 2 [/Control-Section/5V] of C12 on F.Cu
[unconnected_items]: Missing connection between items
    Local override; error
    @(346.4900 mm, 215.5575 mm): Pad 2 [/Control-Section/5V] of C12 on F.Cu
    @(342.2300 mm, 227.9208 mm): Pad 1 [/Control-Section/5V] of CR1 on B.Cu
[unconnected_items]: Missing connection between items
    Local override; error
    @(355.8030 mm, 239.7950 mm): Pad 1 [/Control-Section/5V] of C11 on F.Cu
    @(357.9437 mm, 239.0375 mm): Pad 5 [/Control-Section/5V] of U3 on F.Cu
[unconnected_items]: Missing connection between items
    Local override; error
    @(357.9437 mm, 239.0375 mm): Pad 5 [/Control-Section/5V] of U3 on F.Cu
    @(364.7330 mm, 235.7400 mm): Pad 1 [/Control-Section/5V] of C1 on F.Cu
[unconnected_items]: Missing connection between items
    Local override; error
    @(364.7330 mm, 235.7400 mm): Pad 1 [/Control-Section/5V] of C1 on F.Cu
    @(364.7770 mm, 233.7200 mm): Pad 1 [/Control-Section/5V] of D1 on F.Cu
[unconnected_items]: Missing connection between items
    Local override; error
    @(364.7770 mm, 233.7200 mm): Pad 1 [/Control-Section/5V] of D1 on F.Cu
    @(372.0100 mm, 233.7200 mm): Pad 1 [/Control-Section/5V] of D2 on F.Cu
[unconnected_items]: Missing connection between items
    Local override; error
    @(372.0100 mm, 233.7200 mm): Pad 1 [/Control-Section/5V] of D2 on F.Cu
    @(371.9715 mm, 235.7400 mm): Pad 1 [/Control-Section/5V] of C2 on F.Cu
[unconnected_items]: Missing connection between items
    Local override; error
    @(379.2093 mm, 235.7400 mm): Pad 1 [/Control-Section/5V] of C3 on F.Cu
    @(379.2430 mm, 233.7200 mm): Pad 1 [/Control-Section/5V] of D3 on F.Cu
[unconnected_items]: Missing connection between items
    Local override; error
    @(379.2430 mm, 233.7200 mm): Pad 1 [/Control-Section/5V] of D3 on F.Cu
    @(372.0100 mm, 233.7200 mm): Pad 1 [/Control-Section/5V] of D2 on F.Cu
[unconnected_items]: Missing connection between items
    Local override; error
    @(386.4471 mm, 235.7400 mm): Pad 1 [/Control-Section/5V] of C4 on F.Cu
    @(386.4759 mm, 233.7200 mm): Pad 1 [/Control-Section/5V] of D4 on F.Cu
[unconnected_items]: Missing connection between items
    Local override; error
    @(386.4759 mm, 233.7200 mm): Pad 1 [/Control-Section/5V] of D4 on F.Cu
    @(379.2430 mm, 233.7200 mm): Pad 1 [/Control-Section/5V] of D3 on F.Cu
[unconnected_items]: Missing connection between items
    Local override; error
    @(386.4759 mm, 233.7200 mm): Pad 1 [/Control-Section/5V] of D4 on F.Cu
    @(393.7089 mm, 233.7200 mm): Pad 1 [/Control-Section/5V] of D5 on F.Cu
[unconnected_items]: Missing connection between items
    Local override; error
    @(393.6848 mm, 235.7400 mm): Pad 1 [/Control-Section/5V] of C5 on F.Cu
    @(393.7089 mm, 233.7200 mm): Pad 1 [/Control-Section/5V] of D5 on F.Cu
[unconnected_items]: Missing connection between items
    Local override; error
    @(386.4759 mm, 230.4200 mm): Pad 2 [Net-(D4-DOUT)] of D4 on F.Cu
    @(388.8089 mm, 233.7200 mm): Pad 4 [Net-(D4-DOUT)] of D5 on F.Cu
[unconnected_items]: Missing connection between items
    Local override; error
    @(379.2430 mm, 230.4200 mm): Pad 2 [Net-(D3-DOUT)] of D3 on F.Cu
    @(381.5759 mm, 233.7200 mm): Pad 4 [Net-(D3-DOUT)] of D4 on F.Cu
[unconnected_items]: Missing connection between items
    Local override; error
    @(396.6250 mm, 255.2050 mm): Track [/Inversion-Section/G4D] on F.Cu, length 0.4200 mm
    @(369.1192 mm, 250.1100 mm): Pad 1 [/Inversion-Section/G4D] of Rfbt1 on B.Cu
[unconnected_items]: Missing connection between items
    Local override; error
    @(400.1000 mm, 237.6300 mm): PTH pad 2 [/Inversion-Section/G4D] of Q3
    @(400.1000 mm, 226.6600 mm): PTH pad 2 [/Inversion-Section/G4D] of Q4
[unconnected_items]: Missing connection between items
    Local override; error
    @(400.1000 mm, 237.6300 mm): PTH pad 2 [/Inversion-Section/G4D] of Q3
    @(397.3350 mm, 256.0950 mm): Track [/Inversion-Section/G4D] on F.Cu, length 1.7678 mm
[unconnected_items]: Missing connection between items
    Local override; error
    @(349.7950 mm, 239.7500 mm): Pad 2 [/Control-Section/BTN] of R9 on F.Cu
    @(349.8549 mm, 237.7200 mm): PTH pad 1 [/Control-Section/BTN] of SW1
[unconnected_items]: Missing connection between items
    Local override; error
    @(349.8549 mm, 225.2200 mm): Track [/Control-Section/BTN] on F.Cu, length 12.5000 mm
    @(363.2900 mm, 216.0400 mm): Pad 2 [/Control-Section/BTN] of U1 on B.Cu
[unconnected_items]: Missing connection between items
    Local override; error
    @(349.8549 mm, 225.2200 mm): Track [/Control-Section/BTN] on F.Cu, length 12.5000 mm
    @(303.8918 mm, 219.1154 mm): Pad 1 [/Control-Section/BTN] of R7 on F.Cu
[unconnected_items]: Missing connection between items
    Local override; error
    @(341.3300 mm, 233.3450 mm): Track [/GPIO5] on B.Cu, length 0.0495 mm
    @(365.6900 mm, 216.0400 mm): Pad 8 [/GPIO5] of U1 on B.Cu
[unconnected_items]: Missing connection between items
    Local override; error
    @(336.6600 mm, 230.7200 mm): PTH pad 4 [/GPIO6] of J4
    @(366.0900 mm, 216.0400 mm): Pad 9 [/GPIO6] of U1 on B.Cu
[unconnected_items]: Missing connection between items
    Local override; error
    @(375.8575 mm, 263.5075 mm): Track [/Inversion-Section/CSP] on F.Cu, length 3.0825 mm
    @(410.4000 mm, 249.0076 mm): Pad 7 [/Inversion-Section/CSP] of U5 on B.Cu
[unconnected_items]: Missing connection between items
    Local override; error
    @(413.8400 mm, 247.0100 mm): Track [/Inversion-Section/CSP] on B.Cu, length 3.0300 mm
    @(414.2100 mm, 223.0500 mm): Track [/Inversion-Section/CSP] on B.Cu, length 0.5374 mm
[unconnected_items]: Missing connection between items
    Local override; error
    @(411.6700 mm, 226.4127 mm): Pad 13 [/Inversion-Section/HB2] of U6 on B.Cu
    @(402.7500 mm, 227.1900 mm): Pad 1 [/Inversion-Section/HB2] of C23 on F.Cu
[unconnected_items]: Missing connection between items
    Local override; error
    @(392.5500 mm, 208.6900 mm): Pad 1 [/BROWN] of R31 on F.Cu
    @(404.1000 mm, 196.5200 mm): Track [/BROWN] on F.Cu, length 10.6066 mm
[unconnected_items]: Missing connection between items
    Local override; error
    @(400.0825 mm, 215.7075 mm): Track [/BROWN] on F.Cu, length 0.0247 mm
    @(392.5500 mm, 208.6900 mm): Pad 1 [/BROWN] of R31 on F.Cu
[unconnected_items]: Missing connection between items
    Local override; error
    @(400.1000 mm, 224.1200 mm): PTH pad 3 [/BROWN] of Q4
    @(400.0825 mm, 215.7075 mm): Track [/BROWN] on F.Cu, length 0.0247 mm
[unconnected_items]: Missing connection between items
    Local override; error
    @(400.4600 mm, 224.4800 mm): Track [/BROWN] on F.Cu, length 0.5091 mm
    @(402.7500 mm, 225.2900 mm): Pad 2 [/BROWN] of C23 on F.Cu
[unconnected_items]: Missing connection between items
    Local override; error
    @(358.8937 mm, 241.3125 mm): Pad 2 [/Control-Section/GPIO11] of U3 on F.Cu
    @(368.4900 mm, 216.0400 mm): Pad 15 [/Control-Section/GPIO11] of U1 on B.Cu
[unconnected_items]: Missing connection between items
    Local override; error
    @(359.8437 mm, 239.0375 mm): Pad 4 [Net-(R1-Pad2)] of U3 on F.Cu
    @(359.8830 mm, 237.3600 mm): Pad 2 [Net-(R1-Pad2)] of R1 on F.Cu
[unconnected_items]: Missing connection between items
    Local override; error
    @(361.5450 mm, 265.4350 mm): Track [/Control-Section/AIN0] on F.Cu, length 0.6223 mm
    @(369.3032 mm, 242.7400 mm): Pad 15 [/Control-Section/AIN0] of U10 on B.Cu
[unconnected_items]: Missing connection between items
    Local override; error
    @(368.5800 mm, 243.9632 mm): Pad 1 [/Control-Section/AIN2] of U10 on B.Cu
    @(418.7950 mm, 209.3850 mm): Track [/Control-Section/AIN2] on F.Cu, length 1.4071 mm
[unconnected_items]: Missing connection between items
    Local override; error
    @(298.2450 mm, 218.4600 mm): Pad 1 [/Control-Section/3v3] of C18 on F.Cu
    @(298.0000 mm, 221.4600 mm): Pad 1 [/Control-Section/3v3] of R24 on F.Cu
[unconnected_items]: Missing connection between items
    Local override; error
    @(300.5700 mm, 215.7000 mm): Pad 1 [/Control-Section/3v3] of R4 on F.Cu
    @(298.2450 mm, 218.4600 mm): Pad 1 [/Control-Section/3v3] of C18 on F.Cu
[unconnected_items]: Missing connection between items
    Local override; error
    @(307.4550 mm, 223.2100 mm): Pad 1 [/Control-Section/3v3] of R23 on F.Cu
    @(298.0000 mm, 221.4600 mm): Pad 1 [/Control-Section/3v3] of R24 on F.Cu
[unconnected_items]: Missing connection between items
    Local override; error
    @(309.9950 mm, 221.1800 mm): Pad 1 [/Control-Section/3v3] of C17 on F.Cu
    @(307.4550 mm, 223.2100 mm): Pad 1 [/Control-Section/3v3] of R23 on F.Cu
[unconnected_items]: Missing connection between items
    Local override; error
    @(309.9950 mm, 221.1800 mm): Pad 1 [/Control-Section/3v3] of C17 on F.Cu
    @(310.4250 mm, 216.9450 mm): Pad 1 [/Control-Section/3v3] of C14 on F.Cu
[unconnected_items]: Missing connection between items
    Local override; error
    @(309.9950 mm, 221.1800 mm): Pad 1 [/Control-Section/3v3] of C17 on F.Cu
    @(341.3300 mm, 234.9950 mm): Pad 1 [/Control-Section/3v3] of R22 on B.Cu
[unconnected_items]: Missing connection between items
    Local override; error
    @(339.0200 mm, 196.0193 mm): Pad 1 [/Control-Section/3v3] of U8 on F.Cu
    @(344.7000 mm, 211.3475 mm): Pad 1 [/Control-Section/3v3] of C13 on F.Cu
[unconnected_items]: Missing connection between items
    Local override; error
    @(344.7000 mm, 211.3475 mm): Pad 1 [/Control-Section/3v3] of C13 on F.Cu
    @(346.4800 mm, 211.3475 mm): Pad 2 [/Control-Section/3v3] of U2 on F.Cu
[unconnected_items]: Missing connection between items
    Local override; error
    @(348.1450 mm, 239.7500 mm): Pad 1 [/Control-Section/3v3] of R9 on F.Cu
    @(341.3300 mm, 234.9950 mm): Pad 1 [/Control-Section/3v3] of R22 on B.Cu
[unconnected_items]: Missing connection between items
    Local override; error
    @(348.1450 mm, 239.7500 mm): Pad 1 [/Control-Section/3v3] of R9 on F.Cu
    @(359.0240 mm, 252.6250 mm): Pad 6 [/Control-Section/3v3] of IC1 on F.Cu
[unconnected_items]: Missing connection between items
    Local override; error
    @(352.7800 mm, 211.3475 mm): Pad 4 [/Control-Section/3v3] of U2 on F.Cu
    @(346.4800 mm, 211.3475 mm): Pad 2 [/Control-Section/3v3] of U2 on F.Cu
[unconnected_items]: Missing connection between items
    Local override; error
    @(359.0240 mm, 252.6250 mm): Pad 6 [/Control-Section/3v3] of IC1 on F.Cu
    @(366.3568 mm, 242.2400 mm): Pad 7 [/Control-Section/3v3] of U10 on B.Cu
[unconnected_items]: Missing connection between items
    Local override; error
    @(362.2400 mm, 219.0900 mm): Pad 54 [/Control-Section/3v3] of U1 on B.Cu
    @(362.2400 mm, 219.4900 mm): Pad 53 [/Control-Section/3v3] of U1 on B.Cu
[unconnected_items]: Missing connection between items
    Local override; error
    @(362.2400 mm, 221.0900 mm): Pad 49 [/Control-Section/3v3] of U1 on B.Cu
    @(362.2400 mm, 219.4900 mm): Pad 53 [/Control-Section/3v3] of U1 on B.Cu
[unconnected_items]: Missing connection between items
    Local override; error
    @(362.8900 mm, 216.0400 mm): Pad 1 [/Control-Section/3v3] of U1 on B.Cu
    @(362.2400 mm, 219.0900 mm): Pad 54 [/Control-Section/3v3] of U1 on B.Cu
[unconnected_items]: Missing connection between items
    Local override; error
    @(362.8900 mm, 216.0400 mm): Pad 1 [/Control-Section/3v3] of U1 on B.Cu
    @(352.7800 mm, 211.3475 mm): Pad 4 [/Control-Section/3v3] of U2 on F.Cu
[unconnected_items]: Missing connection between items
    Local override; error
    @(362.8900 mm, 222.9400 mm): Pad 45 [/Control-Section/3v3] of U1 on B.Cu
    @(363.2900 mm, 222.9400 mm): Pad 44 [/Control-Section/3v3] of U1 on B.Cu
[unconnected_items]: Missing connection between items
    Local override; error
    @(362.8900 mm, 222.9400 mm): Pad 45 [/Control-Section/3v3] of U1 on B.Cu
    @(362.2400 mm, 221.0900 mm): Pad 49 [/Control-Section/3v3] of U1 on B.Cu
[unconnected_items]: Missing connection between items
    Local override; error
    @(363.2900 mm, 222.9400 mm): Pad 44 [/Control-Section/3v3] of U1 on B.Cu
    @(365.6900 mm, 222.9400 mm): Pad 38 [/Control-Section/3v3] of U1 on B.Cu
[unconnected_items]: Missing connection between items
    Local override; error
    @(365.6900 mm, 222.9400 mm): Pad 38 [/Control-Section/3v3] of U1 on B.Cu
    @(369.1400 mm, 222.2900 mm): Pad 30 [/Control-Section/3v3] of U1 on B.Cu
[unconnected_items]: Missing connection between items
    Local override; error
    @(366.3568 mm, 242.2400 mm): Pad 7 [/Control-Section/3v3] of U10 on B.Cu
    @(367.5800 mm, 241.0168 mm): Pad 10 [/Control-Section/3v3] of U10 on B.Cu
[unconnected_items]: Missing connection between items
    Local override; error
    @(367.5800 mm, 241.0168 mm): Pad 10 [/Control-Section/3v3] of U10 on B.Cu
    @(370.7000 mm, 223.2350 mm): Pad 1 [/Control-Section/3v3] of R8 on B.Cu
[unconnected_items]: Missing connection between items
    Local override; error
    @(369.1400 mm, 218.2900 mm): Pad 20 [/Control-Section/3v3] of U1 on B.Cu
    @(366.8900 mm, 216.0400 mm): Pad 11 [/Control-Section/3v3] of U1 on B.Cu
[unconnected_items]: Missing connection between items
    Local override; error
    @(369.1400 mm, 218.2900 mm): Pad 20 [/Control-Section/3v3] of U1 on B.Cu
    @(369.1400 mm, 222.2900 mm): Pad 30 [/Control-Section/3v3] of U1 on B.Cu
[unconnected_items]: Missing connection between items
    Local override; error
    @(369.1400 mm, 218.2900 mm): Pad 20 [/Control-Section/3v3] of U1 on B.Cu
    @(386.6700 mm, 213.6500 mm): Pad 1 [/Control-Section/3v3] of U9 on F.Cu
[unconnected_items]: Missing connection between items
    Local override; error
    @(370.7000 mm, 223.2350 mm): Pad 1 [/Control-Section/3v3] of R8 on B.Cu
    @(369.1400 mm, 222.2900 mm): Pad 30 [/Control-Section/3v3] of U1 on B.Cu
[unconnected_items]: Missing connection between items
    Local override; error
    @(367.2900 mm, 216.0400 mm): Pad 12 [/Control-Section/GPIO8] of U1 on B.Cu
    @(307.4550 mm, 221.5600 mm): Pad 2 [/Control-Section/GPIO8] of R23 on F.Cu
[unconnected_items]: Missing connection between items
    Local override; error
    @(369.3032 mm, 242.2400 mm): Pad 14 [/Control-Section/GPIO8] of U10 on B.Cu
    @(367.2900 mm, 216.0400 mm): Pad 12 [/Control-Section/GPIO8] of U1 on B.Cu
[unconnected_items]: Missing connection between items
    Local override; error
    @(302.2200 mm, 215.7000 mm): Pad 2 [Net-(U1-VREG_AVDD)] of R4 on F.Cu
    @(316.9500 mm, 222.8700 mm): Pad 1 [Net-(U1-VREG_AVDD)] of C16 on F.Cu
[unconnected_items]: Missing connection between items
    Local override; error
    @(316.9500 mm, 222.8700 mm): Pad 1 [Net-(U1-VREG_AVDD)] of C16 on F.Cu
    @(362.2400 mm, 222.2900 mm): Pad 46 [Net-(U1-VREG_AVDD)] of U1 on B.Cu
[unconnected_items]: Missing connection between items
    Local override; error
    @(302.2650 mm, 222.1700 mm): Pad 2 [/Control-Section/VREG_GND] of C19 on F.Cu
    @(293.2950 mm, 222.3300 mm): Pad 1 [/Control-Section/VREG_GND] of NT1 on F.Cu
[unconnected_items]: Missing connection between items
    Local override; error
    @(308.0350 mm, 215.4000 mm): Pad 2 [/Control-Section/VREG_GND] of C15 on F.Cu
    @(302.2650 mm, 222.1700 mm): Pad 2 [/Control-Section/VREG_GND] of C19 on F.Cu
[unconnected_items]: Missing connection between items
    Local override; error
    @(310.4250 mm, 215.3950 mm): Pad 2 [/Control-Section/VREG_GND] of C14 on F.Cu
    @(308.0350 mm, 215.4000 mm): Pad 2 [/Control-Section/VREG_GND] of C15 on F.Cu
[unconnected_items]: Missing connection between items
    Local override; error
    @(310.4250 mm, 215.3950 mm): Pad 2 [/Control-Section/VREG_GND] of C14 on F.Cu
    @(315.4000 mm, 222.8700 mm): Pad 2 [/Control-Section/VREG_GND] of C16 on F.Cu
[unconnected_items]: Missing connection between items
    Local override; error
    @(315.4000 mm, 222.8700 mm): Pad 2 [/Control-Section/VREG_GND] of C16 on F.Cu
    @(362.2400 mm, 221.8900 mm): Pad 47 [/Control-Section/VREG_GND] of U1 on B.Cu
[unconnected_items]: Missing connection between items
    Local override; error
    @(308.0350 mm, 216.9500 mm): Pad 1 [/Control-Section/1V1] of C15 on F.Cu
    @(302.2650 mm, 223.1300 mm): Pad 1 [/Control-Section/1V1] of C19 on F.Cu
[unconnected_items]: Missing connection between items
    Local override; error
    @(358.8600 mm, 219.7000 mm): Pad 2 [/Control-Section/1V1] of L1 on B.Cu
    @(362.2400 mm, 220.6900 mm): Pad 50 [/Control-Section/1V1] of U1 on B.Cu
[unconnected_items]: Missing connection between items
    Local override; error
    @(358.8600 mm, 219.7000 mm): Pad 2 [/Control-Section/1V1] of L1 on B.Cu
    @(308.0350 mm, 216.9500 mm): Pad 1 [/Control-Section/1V1] of C15 on F.Cu
[unconnected_items]: Missing connection between items
    Local override; error
    @(362.2400 mm, 220.6900 mm): Pad 50 [/Control-Section/1V1] of U1 on B.Cu
    @(365.2900 mm, 222.9400 mm): Pad 39 [/Control-Section/1V1] of U1 on B.Cu
[unconnected_items]: Missing connection between items
    Local override; error
    @(362.2400 mm, 220.6900 mm): Pad 50 [/Control-Section/1V1] of U1 on B.Cu
    @(364.8900 mm, 216.0400 mm): Pad 6 [/Control-Section/1V1] of U1 on B.Cu
[unconnected_items]: Missing connection between items
    Local override; error
    @(365.2900 mm, 222.9400 mm): Pad 39 [/Control-Section/1V1] of U1 on B.Cu
    @(369.1400 mm, 219.4900 mm): Pad 23 [/Control-Section/1V1] of U1 on B.Cu
[unconnected_items]: Missing connection between items
    Local override; error
    @(364.7770 mm, 230.4200 mm): Pad 2 [Net-(D1-DOUT)] of D1 on F.Cu
    @(367.1100 mm, 233.7200 mm): Pad 4 [Net-(D1-DOUT)] of D2 on F.Cu
[unconnected_items]: Missing connection between items
    Local override; error
    @(359.8770 mm, 233.7200 mm): Pad 4 [Net-(D1-DIN)] of D1 on F.Cu
    @(359.8830 mm, 235.7100 mm): Pad 1 [Net-(D1-DIN)] of R1 on F.Cu
[unconnected_items]: Missing connection between items
    Local override; error
    @(337.1200 mm, 196.0193 mm): Pad 2 [/Control-Section/TEMP_CTRL] of U8 on F.Cu
    @(364.8900 mm, 222.9400 mm): Pad 40 [/Control-Section/TEMP_CTRL] of U1 on B.Cu
[unconnected_items]: Missing connection between items
    Local override; error
    @(400.1000 mm, 235.0900 mm): Track [/BLUE] on F.Cu, length 0.0849 mm
    @(402.7200 mm, 247.3500 mm): Pad 2 [/BLUE] of C22 on F.Cu
[unconnected_items]: Missing connection between items
    Local override; error
    @(406.3100 mm, 248.6000 mm): Track [/BLUE] on B.Cu, length 6.2100 mm
    @(402.7200 mm, 247.3500 mm): Pad 2 [/BLUE] of C22 on F.Cu
[unconnected_items]: Missing connection between items
    Local override; error
    @(417.1450 mm, 209.3850 mm): Pad 1 [/BLUE] of R29 on F.Cu
    @(419.1000 mm, 196.5200 mm): Track [/BLUE] on F.Cu, length 10.6066 mm
[unconnected_items]: Missing connection between items
    Local override; error
    @(417.1450 mm, 209.3850 mm): Pad 1 [/BLUE] of R29 on F.Cu
    @(400.1000 mm, 235.0900 mm): Track [/BLUE] on F.Cu, length 0.0849 mm
[unconnected_items]: Missing connection between items
    Local override; error
    @(367.6900 mm, 216.0400 mm): Pad 13 [/Control-Section/GPIO9] of U1 on B.Cu
    @(299.6500 mm, 221.4600 mm): Pad 2 [/Control-Section/GPIO9] of R24 on F.Cu
[unconnected_items]: Missing connection between items
    Local override; error
    @(369.3032 mm, 241.7400 mm): Pad 13 [/Control-Section/GPIO9] of U10 on B.Cu
    @(367.6900 mm, 216.0400 mm): Pad 13 [/Control-Section/GPIO9] of U1 on B.Cu
[unconnected_items]: Missing connection between items
    Local override; error
    @(364.4900 mm, 222.9400 mm): Pad 41 [/Control-Section/TEMP_INV] of U1 on B.Cu
    @(386.6700 mm, 215.5500 mm): Pad 2 [/Control-Section/TEMP_INV] of U9 on F.Cu
[unconnected_items]: Missing connection between items
    Local override; error
    @(402.7200 mm, 245.4500 mm): Pad 1 [/Inversion-Section/HB1] of C22 on F.Cu
    @(416.7500 mm, 244.0800 mm): Pad 13 [/Inversion-Section/HB1] of U5 on B.Cu
[unconnected_items]: Missing connection between items
    Local override; error
    @(372.0100 mm, 230.4200 mm): Pad 2 [Net-(D2-DOUT)] of D2 on F.Cu
    @(374.3430 mm, 233.7200 mm): Pad 4 [Net-(D2-DOUT)] of D3 on F.Cu
[unconnected_items]: Missing connection between items
    Local override; error
    @(362.2400 mm, 216.6900 mm): Pad 60 [Net-(U1-~{QSPI_SS})] of U1 on B.Cu
    @(304.9118 mm, 219.1154 mm): Pad 2 [Net-(U1-~{QSPI_SS})] of R7 on F.Cu
[unconnected_items]: Missing connection between items
    Local override; error
    @(369.1400 mm, 218.6900 mm): Pad 21 [/Control-Section/XIN] of U1 on B.Cu
    @(374.4855 mm, 217.5081 mm): Pad 1 [/Control-Section/XIN] of X1 on B.Cu
[unconnected_items]: Missing connection between items
    Local override; error
    @(374.4855 mm, 217.5081 mm): Pad 1 [/Control-Section/XIN] of X1 on B.Cu
    @(375.9387 mm, 216.0150 mm): Pad 1 [/Control-Section/XIN] of C21 on B.Cu
[unconnected_items]: Missing connection between items
    Local override; error
    @(370.4000 mm, 220.1700 mm): Pad 1 [Net-(C20-Pad1)] of R11 on B.Cu
    @(373.5775 mm, 221.9961 mm): Pad 1 [Net-(C20-Pad1)] of C20 on B.Cu
[unconnected_items]: Missing connection between items
    Local override; error
    @(373.5775 mm, 221.9961 mm): Pad 1 [Net-(C20-Pad1)] of C20 on B.Cu
    @(374.8745 mm, 220.3719 mm): Pad 3 [Net-(C20-Pad1)] of X1 on B.Cu
[unconnected_items]: Missing connection between items
    Local override; error
    @(346.4000 mm, 220.3100 mm): Pad 1 [/Control-Section/D+] of R6 on B.Cu
    @(339.0418 mm, 220.3854 mm): Pad B6 [/Control-Section/D+] of J3 on B.Cu
[unconnected_items]: Missing connection between items
    Local override; error
    @(348.0500 mm, 220.3100 mm): Pad 2 [/Control-Section/USB_DP] of R6 on B.Cu
    @(362.2400 mm, 219.8900 mm): Pad 52 [/Control-Section/USB_DP] of U1 on B.Cu
[unconnected_items]: Missing connection between items
    Local override; error
    @(364.8450 mm, 241.4500 mm): Pad 1 [Net-(U10-DECAP)] of C26 on B.Cu
    @(366.3568 mm, 241.7400 mm): Pad 8 [Net-(U10-DECAP)] of U10 on B.Cu
[unconnected_items]: Missing connection between items
    Local override; error
    @(363.6900 mm, 216.0400 mm): Pad 3 [/Control-Section/GPIO1] of U1 on B.Cu
    @(418.0200 mm, 249.0076 mm): Pad 1 [/Control-Section/GPIO1] of U5 on B.Cu
[unconnected_items]: Missing connection between items
    Local override; error
    @(364.0900 mm, 216.0400 mm): Pad 4 [/Control-Section/GPIO2] of U1 on B.Cu
    @(416.7500 mm, 249.0076 mm): Pad 2 [/Control-Section/GPIO2] of U5 on B.Cu
[unconnected_items]: Missing connection between items
    Local override; error
    @(364.4900 mm, 216.0400 mm): Pad 5 [/Control-Section/GPIO3] of U1 on B.Cu
    @(410.4000 mm, 221.4851 mm): Pad 1 [/Control-Section/GPIO3] of U6 on B.Cu
[unconnected_items]: Missing connection between items
    Local override; error
    @(365.2900 mm, 216.0400 mm): Pad 7 [/Control-Section/GPIO4] of U1 on B.Cu
    @(411.6700 mm, 221.4851 mm): Pad 2 [/Control-Section/GPIO4] of U6 on B.Cu
[unconnected_items]: Missing connection between items
    Local override; error
    @(369.1400 mm, 219.0900 mm): Pad 22 [/Control-Section/XOUT] of U1 on B.Cu
    @(370.4000 mm, 219.1500 mm): Pad 2 [/Control-Section/XOUT] of R11 on B.Cu
[unconnected_items]: Missing connection between items
    Local override; error
    @(369.1400 mm, 220.6900 mm): Pad 26 [Net-(U1-RUN)] of U1 on B.Cu
    @(370.7000 mm, 221.5850 mm): Pad 2 [Net-(U1-RUN)] of R8 on B.Cu
[unconnected_items]: Missing connection between items
    Local override; error
    @(358.8600 mm, 221.7000 mm): Pad 1 [Net-(U1-VREG_LX)] of L1 on B.Cu
    @(362.2400 mm, 221.4900 mm): Pad 48 [Net-(U1-VREG_LX)] of U1 on B.Cu
[unconnected_items]: Missing connection between items
    Local override; error
    @(348.0500 mm, 221.8500 mm): Pad 2 [/Control-Section/USB_DM] of R5 on B.Cu
    @(362.2400 mm, 220.2900 mm): Pad 51 [/Control-Section/USB_DM] of U1 on B.Cu
[unconnected_items]: Missing connection between items
    Local override; error
    @(346.4000 mm, 221.8500 mm): Pad 1 [/Control-Section/D-] of R5 on B.Cu
    @(339.9508 mm, 221.8900 mm): Track [/Control-Section/D-] on B.Cu, length 0.2752 mm

** Found 1 Footprint errors **
[net_conflict]: No pad found for pin 21 (GND) in schematic
    Local override; warning
    @(372.3300 mm, 255.5650 mm): Footprint U4

** Ignored checks **
    - Footprint has no courtyard defined
    - Track endpoint not centered on via
    - Tuning profile track geometries
    - Footprint doesn't match symbol's footprint filters
    - Footprint component type doesn't match footprint pads

** End of Report **
