ERC report (2026-08-21T09:46:32, Encoding UTF8)
Report includes: Errors, Warnings, Exclusions

***** Sheet /
[pin_not_connected]: Hierarchical label 'I2C_SCL' in root sheet cannot be connected to non-existent parent sheet
    ; error
    @(31.75 mm, 26.67 mm): Hierarchical Label 'I2C_SCL'
[pin_not_connected]: Hierarchical label 'I2C_SDA' in root sheet cannot be connected to non-existent parent sheet
    ; error
    @(31.75 mm, 39.37 mm): Hierarchical Label 'I2C_SDA'
[pin_not_connected]: Hierarchical label 'CHG_CE' in root sheet cannot be connected to non-existent parent sheet
    ; error
    @(31.75 mm, 52.07 mm): Hierarchical Label 'CHG_CE'
[pin_not_connected]: Hierarchical label 'CHG_INT' in root sheet cannot be connected to non-existent parent sheet
    ; error
    @(31.75 mm, 64.77 mm): Hierarchical Label 'CHG_INT'
[pin_not_connected]: Hierarchical label '3v3' in root sheet cannot be connected to non-existent parent sheet
    ; error
    @(39.37 mm, 17.78 mm): Hierarchical Label '3v3'
[pin_not_connected]: Hierarchical label '3v3' in root sheet cannot be connected to non-existent parent sheet
    ; error
    @(39.37 mm, 30.48 mm): Hierarchical Label '3v3'
[pin_not_connected]: Hierarchical label '3v3' in root sheet cannot be connected to non-existent parent sheet
    ; error
    @(39.37 mm, 43.18 mm): Hierarchical Label '3v3'
[pin_not_connected]: Hierarchical label '3v3' in root sheet cannot be connected to non-existent parent sheet
    ; error
    @(39.37 mm, 55.88 mm): Hierarchical Label '3v3'
[power_pin_not_driven]: Input Power pin not driven by any Output Power pins
    ; error
    @(106.68 mm, 71.12 mm): Symbol U1 Pin 18 [SW2, Power input, Line]
[pin_to_pin]: Pins of type Power output and Power output are connected
    ; error
    @(162.56 mm, 27.94 mm): Symbol U1 Pin 37 [EPAD, Power output, Line]
    @(106.68 mm, 68.58 mm): Symbol U1 Pin 17 [PGND, Power output, Line]
[power_pin_not_driven]: Input Power pin not driven by any Output Power pins
    ; error
    @(162.56 mm, 30.48 mm): Symbol U1 Pin 36 [FSW_SYNC, Power input, Line]
[power_pin_not_driven]: Input Power pin not driven by any Output Power pins
    ; error
    @(162.56 mm, 40.64 mm): Symbol U1 Pin 32 [VAC, Power input, Line]
[power_pin_not_driven]: Input Power pin not driven by any Output Power pins
    ; error
    @(162.56 mm, 50.80 mm): Symbol U1 Pin 28 [SW1, Power input, Line]
[power_pin_not_driven]: Input Power pin not driven by any Output Power pins
    ; error
    @(162.56 mm, 55.88 mm): Symbol U1 Pin 26 [BTST1, Power input, Line]
[power_pin_not_driven]: Input Power pin not driven by any Output Power pins
    ; error
    @(162.56 mm, 60.96 mm): Symbol U1 Pin 24 [REGN, Power input, Line]
[power_pin_not_driven]: Input Power pin not driven by any Output Power pins
    ; error
    @(162.56 mm, 63.50 mm): Symbol U1 Pin 23 [DRV_SUP, Power input, Line]
[power_pin_not_driven]: Input Power pin not driven by any Output Power pins
    ; error
    @(162.56 mm, 71.12 mm): Symbol U1 Pin 20 [BTST2, Power input, Line]
[pin_not_connected]: Hierarchical label 'VIN-SOURCE' in root sheet cannot be connected to non-existent parent sheet
    ; error
    @(208.28 mm, 132.08 mm): Hierarchical Label 'VIN-SOURCE'
[multiple_net_names]: Both GND and Input NEG are attached to the same items; GND will be used in the netlist
    ; warning
    @(201.93 mm, 115.57 mm): Symbol #PWR057 Pin 1 [Power input, Line]
    @(39.37 mm, 151.13 mm): Label 'Input NEG'
[footprint_link_issues]: The current configuration does not include the footprint library 'Components'
    ; warning
    @(48.26 mm, 123.19 mm): Symbol C15 [C]
[footprint_link_issues]: The current configuration does not include the footprint library 'Components'
    ; warning
    @(74.93 mm, 119.38 mm): Symbol R12 [R]
[footprint_link_issues]: The current configuration does not include the footprint library 'Components'
    ; warning
    @(106.68 mm, 27.94 mm): Symbol U1 [BQ25756RRVR]
[lib_symbol_issues]: The current configuration does not include the symbol library 'BQ25756'
    ; warning
    @(106.68 mm, 27.94 mm): Symbol U1 [BQ25756RRVR]
[multiple_net_names]: Both BAT-TEMP-TS and TS are attached to the same items; BAT-TEMP-TS will be used in the netlist
    ; warning
    @(120.65 mm, 92.71 mm): Label 'BAT-TEMP-TS'
    @(106.68 mm, 45.72 mm): Label 'TS'
[footprint_link_issues]: The current configuration does not include the footprint library 'Components'
    ; warning
    @(109.22 mm, 170.18 mm): Symbol Q6 [SIR680LDP-T1-RE3]
[lib_symbol_issues]: The current configuration does not include the symbol library '2026-07-24_20-06-52'
    ; warning
    @(109.22 mm, 170.18 mm): Symbol Q6 [SIR680LDP-T1-RE3]
[pin_to_pin]: Pins of type Unspecified and Output are connected
    ; warning
    @(109.22 mm, 170.18 mm): Symbol Q6 Pin 4 [G, Unspecified, Line]
    @(162.56 mm, 58.42 mm): Symbol U1 Pin 25 [LODRV1, Output, Line]
[pin_to_pin]: Pins of type Unspecified and Unspecified are connected
    ; warning
    @(114.30 mm, 160.02 mm): Symbol Q6 Pin 5 [D, Unspecified, Line]
    @(116.84 mm, 160.02 mm): Symbol Q6 Pin 6 [D, Unspecified, Line]
[pin_to_pin]: Pins of type Unspecified and Power input are connected
    ; warning
    @(114.30 mm, 175.26 mm): Symbol Q6 Pin 1 [S, Unspecified, Line]
    @(116.84 mm, 175.26 mm): Symbol #PWR054 Pin 1 [Power input, Line]
[pin_to_pin]: Pins of type Unspecified and Unspecified are connected
    ; warning
    @(116.84 mm, 160.02 mm): Symbol Q6 Pin 6 [D, Unspecified, Line]
    @(119.38 mm, 160.02 mm): Symbol Q6 Pin 7 [D, Unspecified, Line]
[pin_to_pin]: Pins of type Unspecified and Power input are connected
    ; warning
    @(116.84 mm, 175.26 mm): Symbol Q6 Pin 2 [S, Unspecified, Line]
    @(116.84 mm, 175.26 mm): Symbol #PWR054 Pin 1 [Power input, Line]
[pin_to_pin]: Pins of type Unspecified and Unspecified are connected
    ; warning
    @(119.38 mm, 160.02 mm): Symbol Q6 Pin 7 [D, Unspecified, Line]
    @(121.92 mm, 160.02 mm): Symbol Q6 Pin 8 [D, Unspecified, Line]
[pin_to_pin]: Pins of type Unspecified and Power input are connected
    ; warning
    @(119.38 mm, 175.26 mm): Symbol Q6 Pin 3 [S, Unspecified, Line]
    @(116.84 mm, 175.26 mm): Symbol #PWR054 Pin 1 [Power input, Line]
[footprint_link_issues]: The current configuration does not include the footprint library 'Components'
    ; warning
    @(121.92 mm, 137.16 mm): Symbol Q7 [SIR680LDP-T1-RE3]
[lib_symbol_issues]: The current configuration does not include the symbol library '2026-07-24_20-06-52'
    ; warning
    @(121.92 mm, 137.16 mm): Symbol Q7 [SIR680LDP-T1-RE3]
[pin_to_pin]: Pins of type Unspecified and Output are connected
    ; warning
    @(121.92 mm, 137.16 mm): Symbol Q7 Pin 4 [G, Unspecified, Line]
    @(162.56 mm, 53.34 mm): Symbol U1 Pin 27 [HIDRV1, Output, Line]
[pin_to_pin]: Pins of type Unspecified and Passive are connected
    ; warning
    @(121.92 mm, 160.02 mm): Symbol Q6 Pin 8 [D, Unspecified, Line]
    @(115.57 mm, 146.05 mm): Symbol C7 Pin 2 [Passive, Line]
[pin_to_pin]: Pins of type Unspecified and Unspecified are connected
    ; warning
    @(127.00 mm, 127.00 mm): Symbol Q7 Pin 5 [D, Unspecified, Line]
    @(129.54 mm, 127.00 mm): Symbol Q7 Pin 6 [D, Unspecified, Line]
[pin_to_pin]: Pins of type Unspecified and Unspecified are connected
    ; warning
    @(127.00 mm, 142.24 mm): Symbol Q7 Pin 1 [S, Unspecified, Line]
    @(129.54 mm, 142.24 mm): Symbol Q7 Pin 2 [S, Unspecified, Line]
[pin_to_pin]: Pins of type Unspecified and Unspecified are connected
    ; warning
    @(129.54 mm, 127.00 mm): Symbol Q7 Pin 6 [D, Unspecified, Line]
    @(132.08 mm, 127.00 mm): Symbol Q7 Pin 7 [D, Unspecified, Line]
[pin_to_pin]: Pins of type Unspecified and Unspecified are connected
    ; warning
    @(129.54 mm, 142.24 mm): Symbol Q7 Pin 2 [S, Unspecified, Line]
    @(132.08 mm, 142.24 mm): Symbol Q7 Pin 3 [S, Unspecified, Line]
[footprint_link_issues]: The current configuration does not include the footprint library 'Components'
    ; warning
    @(130.81 mm, 146.05 mm): Symbol L2 [SRP1510CA-100M]
[lib_symbol_issues]: The current configuration does not include the symbol library 'SRP1510CA-100M'
    ; warning
    @(130.81 mm, 146.05 mm): Symbol L2 [SRP1510CA-100M]
[pin_to_pin]: Pins of type Unspecified and Unspecified are connected
    ; warning
    @(132.08 mm, 127.00 mm): Symbol Q7 Pin 7 [D, Unspecified, Line]
    @(134.62 mm, 127.00 mm): Symbol Q7 Pin 8 [D, Unspecified, Line]
[pin_to_pin]: Pins of type Unspecified and Passive are connected
    ; warning
    @(132.08 mm, 142.24 mm): Symbol Q7 Pin 3 [S, Unspecified, Line]
    @(130.81 mm, 146.05 mm): Symbol L2 Pin 1 [1, Passive, Line]
[pin_to_pin]: Pins of type Unspecified and Passive are connected
    ; warning
    @(134.62 mm, 127.00 mm): Symbol Q7 Pin 8 [D, Unspecified, Line]
    @(102.87 mm, 119.38 mm): Symbol C12 Pin 2 [Passive, Line]
[footprint_link_issues]: The current configuration does not include the footprint library 'Components'
    ; warning
    @(144.78 mm, 160.02 mm): Symbol Q8 [SIR680LDP-T1-RE3]
[lib_symbol_issues]: The current configuration does not include the symbol library '2026-07-24_20-06-52'
    ; warning
    @(144.78 mm, 160.02 mm): Symbol Q8 [SIR680LDP-T1-RE3]
[pin_to_pin]: Pins of type Unspecified and Output are connected
    ; warning
    @(144.78 mm, 160.02 mm): Symbol Q8 Pin 4 [G, Unspecified, Line]
    @(162.56 mm, 68.58 mm): Symbol U1 Pin 21 [LODRV2, Output, Line]
[footprint_link_issues]: The current configuration does not include the footprint library 'Components'
    ; warning
    @(146.05 mm, 139.70 mm): Symbol Q9 [SIR680LDP-T1-RE3]
[lib_symbol_issues]: The current configuration does not include the symbol library '2026-07-24_20-06-52'
    ; warning
    @(146.05 mm, 139.70 mm): Symbol Q9 [SIR680LDP-T1-RE3]
[pin_to_pin]: Pins of type Unspecified and Output are connected
    ; warning
    @(146.05 mm, 139.70 mm): Symbol Q9 Pin 4 [G, Unspecified, Line]
    @(162.56 mm, 73.66 mm): Symbol U1 Pin 19 [HIDRV2, Output, Line]
[pin_to_pin]: Pins of type Unspecified and Unspecified are connected
    ; warning
    @(149.86 mm, 149.86 mm): Symbol Q8 Pin 5 [D, Unspecified, Line]
    @(152.40 mm, 149.86 mm): Symbol Q8 Pin 6 [D, Unspecified, Line]
[pin_to_pin]: Pins of type Unspecified and Power input are connected
    ; warning
    @(149.86 mm, 165.10 mm): Symbol Q8 Pin 1 [S, Unspecified, Line]
    @(152.40 mm, 165.10 mm): Symbol #PWR055 Pin 1 [Power input, Line]
[pin_to_pin]: Pins of type Unspecified and Unspecified are connected
    ; warning
    @(151.13 mm, 129.54 mm): Symbol Q9 Pin 5 [D, Unspecified, Line]
    @(153.67 mm, 129.54 mm): Symbol Q9 Pin 6 [D, Unspecified, Line]
[pin_to_pin]: Pins of type Unspecified and Passive are connected
    ; warning
    @(151.13 mm, 144.78 mm): Symbol Q9 Pin 1 [S, Unspecified, Line]
    @(151.13 mm, 146.05 mm): Symbol L2 Pin 2 [2, Passive, Line]
[pin_to_pin]: Pins of type Unspecified and Unspecified are connected
    ; warning
    @(152.40 mm, 149.86 mm): Symbol Q8 Pin 6 [D, Unspecified, Line]
    @(154.94 mm, 149.86 mm): Symbol Q8 Pin 7 [D, Unspecified, Line]
[pin_to_pin]: Pins of type Unspecified and Power input are connected
    ; warning
    @(152.40 mm, 165.10 mm): Symbol Q8 Pin 2 [S, Unspecified, Line]
    @(152.40 mm, 165.10 mm): Symbol #PWR055 Pin 1 [Power input, Line]
[pin_to_pin]: Pins of type Unspecified and Unspecified are connected
    ; warning
    @(153.67 mm, 129.54 mm): Symbol Q9 Pin 6 [D, Unspecified, Line]
    @(156.21 mm, 129.54 mm): Symbol Q9 Pin 7 [D, Unspecified, Line]
[pin_to_pin]: Pins of type Unspecified and Unspecified are connected
    ; warning
    @(153.67 mm, 144.78 mm): Symbol Q9 Pin 2 [S, Unspecified, Line]
    @(156.21 mm, 144.78 mm): Symbol Q9 Pin 3 [S, Unspecified, Line]
[pin_to_pin]: Pins of type Unspecified and Unspecified are connected
    ; warning
    @(154.94 mm, 149.86 mm): Symbol Q8 Pin 7 [D, Unspecified, Line]
    @(157.48 mm, 149.86 mm): Symbol Q8 Pin 8 [D, Unspecified, Line]
[pin_to_pin]: Pins of type Unspecified and Power input are connected
    ; warning
    @(154.94 mm, 165.10 mm): Symbol Q8 Pin 3 [S, Unspecified, Line]
    @(152.40 mm, 165.10 mm): Symbol #PWR055 Pin 1 [Power input, Line]
[pin_to_pin]: Pins of type Unspecified and Unspecified are connected
    ; warning
    @(156.21 mm, 129.54 mm): Symbol Q9 Pin 7 [D, Unspecified, Line]
    @(158.75 mm, 129.54 mm): Symbol Q9 Pin 8 [D, Unspecified, Line]
[pin_to_pin]: Pins of type Unspecified and Passive are connected
    ; warning
    @(156.21 mm, 144.78 mm): Symbol Q9 Pin 3 [S, Unspecified, Line]
    @(151.13 mm, 146.05 mm): Symbol L2 Pin 2 [2, Passive, Line]
[pin_to_pin]: Pins of type Unspecified and Unspecified are connected
    ; warning
    @(157.48 mm, 149.86 mm): Symbol Q8 Pin 8 [D, Unspecified, Line]
    @(156.21 mm, 144.78 mm): Symbol Q9 Pin 3 [S, Unspecified, Line]
[pin_to_pin]: Pins of type Unspecified and Passive are connected
    ; warning
    @(158.75 mm, 129.54 mm): Symbol Q9 Pin 8 [D, Unspecified, Line]
    @(165.10 mm, 127.00 mm): Symbol C16 Pin 1 [Passive, Line]
[multiple_net_names]: Both Input POS and VAC are attached to the same items; Input POS will be used in the netlist
    ; warning
    @(29.21 mm, 85.09 mm): Label 'Input POS'
    @(162.56 mm, 38.10 mm): Label 'VAC'
[footprint_link_issues]: The current configuration does not include the footprint library 'Components'
    ; warning
    @(181.61 mm, 127.00 mm): Symbol R14 [R]
[footprint_link_issues]: The current configuration does not include the footprint library 'Components'
    ; warning
    @(193.04 mm, 135.89 mm): Symbol C20 [C]
[footprint_link_issues]: The current configuration does not include the footprint library 'Components'
    ; warning
    @(200.66 mm, 135.89 mm): Symbol C21 [C]
[multiple_net_names]: Both Battery POS and VIN-SOURCE are attached to the same items; Battery POS will be used in the netlist
    ; warning
    @(198.12 mm, 127.00 mm): Label 'Battery POS'
    @(208.28 mm, 132.08 mm): Hierarchical Label 'VIN-SOURCE'

 ** ERC messages: 71  Errors 18  Warnings 53

 ** Ignored checks:
    - Global label only appears once in the schematic
    - Four connection points are joined together
    - SPICE model issue
    - Assigned footprint doesn't match footprint filters
