ERC report (2026-08-21T09:46:34, Encoding UTF8)
Report includes: Errors, Warnings, Exclusions

***** Sheet /
[pin_not_connected]: Pin not connected
    ; error
    @(30.48 mm, 99.06 mm): Symbol P1 Pin SH [SHIELD, Passive, Line]
[pin_not_connected]: Pin not connected
    ; error
    @(38.10 mm, 99.06 mm): Symbol P1 Pin A1 [GND, Passive, Line]
[pin_not_connected]: Pin not connected
    ; error
    @(53.34 mm, 60.96 mm): Symbol P1 Pin A4 [VBUS, Passive, Line]
[pin_not_connected]: Pin not connected
    ; error
    @(53.34 mm, 66.04 mm): Symbol P1 Pin A5 [CC, Bidirectional, Line]
[pin_not_connected]: Pin not connected
    ; error
    @(53.34 mm, 68.58 mm): Symbol P1 Pin B5 [VCONN, Bidirectional, Line]
[pin_not_connected]: Pin not connected
    ; error
    @(53.34 mm, 73.66 mm): Symbol P1 Pin A7 [D-, Bidirectional, Line]
[pin_not_connected]: Pin not connected
    ; error
    @(53.34 mm, 78.74 mm): Symbol P1 Pin A6 [D+, Bidirectional, Line]
[pin_not_connected]: Hierarchical label '3v3' in root sheet cannot be connected to non-existent parent sheet
    ; error
    @(109.22 mm, 72.39 mm): Hierarchical Label '3v3'
[pin_not_connected]: Pin not connected
    ; error
    @(116.84 mm, 80.01 mm): Symbol U4 Pin 51 [USB_DM, Bidirectional, Line]
[pin_not_connected]: Pin not connected
    ; error
    @(116.84 mm, 82.55 mm): Symbol U4 Pin 52 [USB_DP, Bidirectional, Line]
[pin_not_connected]: Pin not connected
    ; error
    @(116.84 mm, 92.71 mm): Symbol U4 Pin 56 [QSPI_SCLK, Output, Line]
[pin_not_connected]: Pin not connected
    ; error
    @(116.84 mm, 95.25 mm): Symbol U4 Pin 57 [QSPI_SD0, Bidirectional, Line]
[pin_not_connected]: Pin not connected
    ; error
    @(116.84 mm, 97.79 mm): Symbol U4 Pin 59 [QSPI_SD1, Bidirectional, Line]
[pin_not_connected]: Pin not connected
    ; error
    @(116.84 mm, 100.33 mm): Symbol U4 Pin 58 [QSPI_SD2, Bidirectional, Line]
[pin_not_connected]: Pin not connected
    ; error
    @(116.84 mm, 102.87 mm): Symbol U4 Pin 55 [QSPI_SD3, Bidirectional, Line]
[pin_not_connected]: Pin not connected
    ; error
    @(116.84 mm, 110.49 mm): Symbol U4 Pin 21 [XIN, Input, Line]
[pin_not_driven]: Input pin not driven by any Output pins
    ; error
    @(116.84 mm, 110.49 mm): Symbol U4 Pin 21 [XIN, Input, Line]
[pin_not_connected]: Pin not connected
    ; error
    @(116.84 mm, 120.65 mm): Symbol U4 Pin 22 [XOUT, Output, Line]
[pin_not_connected]: Pin not connected
    ; error
    @(116.84 mm, 128.27 mm): Symbol U4 Pin 24 [SWCLK, Input, Line]
[pin_not_driven]: Input pin not driven by any Output pins
    ; error
    @(116.84 mm, 128.27 mm): Symbol U4 Pin 24 [SWCLK, Input, Line]
[pin_not_connected]: Pin not connected
    ; error
    @(116.84 mm, 130.81 mm): Symbol U4 Pin 25 [SWDIO, Bidirectional, Line]
[pin_not_connected]: Pin not connected
    ; error
    @(124.46 mm, 49.53 mm): Symbol U4 Pin 46 [VREG_AVDD, Power input, Line]
[power_pin_not_driven]: Input Power pin not driven by any Output Power pins
    ; error
    @(124.46 mm, 49.53 mm): Symbol U4 Pin 46 [VREG_AVDD, Power input, Line]
[pin_not_connected]: Pin not connected
    ; error
    @(129.54 mm, 49.53 mm): Symbol U4 Pin 53 [USB_OTP_VDD, Power input, Line]
[power_pin_not_driven]: Input Power pin not driven by any Output Power pins
    ; error
    @(129.54 mm, 49.53 mm): Symbol U4 Pin 53 [USB_OTP_VDD, Power input, Line]
[pin_not_connected]: Pin not connected
    ; error
    @(132.08 mm, 49.53 mm): Symbol U4 Pin 44 [ADC_AVDD, Power input, Line]
[power_pin_not_driven]: Input Power pin not driven by any Output Power pins
    ; error
    @(132.08 mm, 49.53 mm): Symbol U4 Pin 44 [ADC_AVDD, Power input, Line]
[pin_not_connected]: Pin not connected
    ; error
    @(137.16 mm, 49.53 mm): Symbol U4 Pin 54 [QSPI_IOVDD, Power input, Line]
[power_pin_not_driven]: Input Power pin not driven by any Output Power pins
    ; error
    @(137.16 mm, 49.53 mm): Symbol U4 Pin 54 [QSPI_IOVDD, Power input, Line]
[pin_not_connected]: Pin not connected
    ; error
    @(139.70 mm, 49.53 mm): Symbol U4 Pin 1 [IOVDD, Power input, Line]
[power_pin_not_driven]: Input Power pin not driven by any Output Power pins
    ; error
    @(139.70 mm, 49.53 mm): Symbol U4 Pin 1 [IOVDD, Power input, Line]
[pin_not_connected]: Pin not connected
    ; error
    @(139.70 mm, 140.97 mm): Symbol U4 Pin 47 [VREG_PGND, Power input, Line]
[power_pin_not_driven]: Input Power pin not driven by any Output Power pins
    ; error
    @(139.70 mm, 140.97 mm): Symbol U4 Pin 47 [VREG_PGND, Power input, Line]
[pin_not_connected]: Pin not connected
    ; error
    @(142.24 mm, 140.97 mm): Symbol U4 Pin 61 [GND, Power input, Line]
[power_pin_not_driven]: Input Power pin not driven by any Output Power pins
    ; error
    @(142.24 mm, 140.97 mm): Symbol U4 Pin 61 [GND, Power input, Line]
[pin_not_connected]: Pin not connected
    ; error
    @(144.78 mm, 49.53 mm): Symbol U4 Pin 49 [VREG_VIN, Power input, Line]
[power_pin_not_driven]: Input Power pin not driven by any Output Power pins
    ; error
    @(144.78 mm, 49.53 mm): Symbol U4 Pin 49 [VREG_VIN, Power input, Line]
[pin_not_connected]: Pin not connected
    ; error
    @(147.32 mm, 49.53 mm): Symbol U4 Pin 48 [VREG_LX, Power output, Line]
[pin_not_connected]: Pin not connected
    ; error
    @(149.86 mm, 49.53 mm): Symbol U4 Pin 50 [VREG_FB, Passive, Line]
[pin_not_connected]: Pin not connected
    ; error
    @(154.94 mm, 49.53 mm): Symbol U4 Pin 6 [DVDD, Power input, Line]
[power_pin_not_driven]: Input Power pin not driven by any Output Power pins
    ; error
    @(154.94 mm, 49.53 mm): Symbol U4 Pin 6 [DVDD, Power input, Line]
[pin_not_connected]: Pin not connected
    ; error
    @(167.64 mm, 59.69 mm): Symbol U4 Pin 3 [GPIO1, Bidirectional, Line]
[pin_not_connected]: Pin not connected
    ; error
    @(167.64 mm, 62.23 mm): Symbol U4 Pin 4 [GPIO2, Bidirectional, Line]
[pin_not_connected]: Pin not connected
    ; error
    @(167.64 mm, 64.77 mm): Symbol U4 Pin 5 [GPIO3, Bidirectional, Line]
[pin_not_connected]: Pin not connected
    ; error
    @(167.64 mm, 67.31 mm): Symbol U4 Pin 7 [GPIO4, Bidirectional, Line]
[pin_not_connected]: Pin not connected
    ; error
    @(167.64 mm, 69.85 mm): Symbol U4 Pin 8 [GPIO5, Bidirectional, Line]
[pin_not_connected]: Pin not connected
    ; error
    @(167.64 mm, 72.39 mm): Symbol U4 Pin 9 [GPIO6, Bidirectional, Line]
[pin_not_connected]: Pin not connected
    ; error
    @(167.64 mm, 74.93 mm): Symbol U4 Pin 10 [GPIO7, Bidirectional, Line]
[pin_not_connected]: Pin not connected
    ; error
    @(167.64 mm, 77.47 mm): Symbol U4 Pin 12 [GPIO8, Bidirectional, Line]
[pin_not_connected]: Pin not connected
    ; error
    @(167.64 mm, 80.01 mm): Symbol U4 Pin 13 [GPIO9, Bidirectional, Line]
[pin_not_connected]: Pin not connected
    ; error
    @(167.64 mm, 82.55 mm): Symbol U4 Pin 14 [GPIO10, Bidirectional, Line]
[pin_not_connected]: Pin not connected
    ; error
    @(167.64 mm, 85.09 mm): Symbol U4 Pin 15 [GPIO11, Bidirectional, Line]
[pin_not_connected]: Pin not connected
    ; error
    @(167.64 mm, 87.63 mm): Symbol U4 Pin 16 [GPIO12, Bidirectional, Line]
[pin_not_connected]: Pin not connected
    ; error
    @(167.64 mm, 90.17 mm): Symbol U4 Pin 17 [GPIO13, Bidirectional, Line]
[pin_not_connected]: Pin not connected
    ; error
    @(167.64 mm, 92.71 mm): Symbol U4 Pin 18 [GPIO14, Bidirectional, Line]
[pin_not_connected]: Pin not connected
    ; error
    @(167.64 mm, 95.25 mm): Symbol U4 Pin 19 [GPIO15, Bidirectional, Line]
[pin_not_connected]: Pin not connected
    ; error
    @(167.64 mm, 97.79 mm): Symbol U4 Pin 27 [GPIO16, Bidirectional, Line]
[pin_not_connected]: Pin not connected
    ; error
    @(167.64 mm, 100.33 mm): Symbol U4 Pin 28 [GPIO17, Bidirectional, Line]
[pin_not_connected]: Pin not connected
    ; error
    @(167.64 mm, 102.87 mm): Symbol U4 Pin 29 [GPIO18, Bidirectional, Line]
[pin_not_connected]: Pin not connected
    ; error
    @(167.64 mm, 105.41 mm): Symbol U4 Pin 31 [GPIO19, Bidirectional, Line]
[pin_not_connected]: Pin not connected
    ; error
    @(167.64 mm, 107.95 mm): Symbol U4 Pin 32 [GPIO20, Bidirectional, Line]
[pin_not_connected]: Pin not connected
    ; error
    @(167.64 mm, 110.49 mm): Symbol U4 Pin 33 [GPIO21, Bidirectional, Line]
[pin_not_connected]: Pin not connected
    ; error
    @(167.64 mm, 113.03 mm): Symbol U4 Pin 34 [GPIO22, Bidirectional, Line]
[pin_not_connected]: Pin not connected
    ; error
    @(167.64 mm, 115.57 mm): Symbol U4 Pin 35 [GPIO23, Bidirectional, Line]
[pin_not_connected]: Pin not connected
    ; error
    @(167.64 mm, 118.11 mm): Symbol U4 Pin 36 [GPIO24, Bidirectional, Line]
[pin_not_connected]: Pin not connected
    ; error
    @(167.64 mm, 120.65 mm): Symbol U4 Pin 37 [GPIO25, Bidirectional, Line]
[pin_not_connected]: Pin not connected
    ; error
    @(167.64 mm, 125.73 mm): Symbol U4 Pin 40 [GPIO26/ADC0, Bidirectional, Line]
[pin_not_connected]: Pin not connected
    ; error
    @(167.64 mm, 128.27 mm): Symbol U4 Pin 41 [GPIO27/ADC1, Bidirectional, Line]
[pin_not_connected]: Pin not connected
    ; error
    @(167.64 mm, 130.81 mm): Symbol U4 Pin 42 [GPIO28/ADC2, Bidirectional, Line]
[pin_not_connected]: Pin not connected
    ; error
    @(167.64 mm, 133.35 mm): Symbol U4 Pin 43 [GPIO29/ADC3, Bidirectional, Line]
[pin_not_connected]: Hierarchical label '3v3' in root sheet cannot be connected to non-existent parent sheet
    ; error
    @(199.39 mm, 40.64 mm): Hierarchical Label '3v3'
[power_pin_not_driven]: Input Power pin not driven by any Output Power pins
    ; error
    @(209.55 mm, 48.26 mm): Symbol #PWR049 Pin 1 [Power input, Line]

 ** ERC messages: 72  Errors 72  Warnings 0

 ** Ignored checks:
    - Global label only appears once in the schematic
    - Four connection points are joined together
    - SPICE model issue
    - Assigned footprint doesn't match footprint filters
