ERC report (2026-08-21T09:46:28, Encoding UTF8)
Report includes: Errors, Warnings, Exclusions

***** Sheet /
[pin_not_connected]: Pin not connected
    ; error
    @(26.67 mm, 130.81 mm): Hierarchical Sheet Pin 'VIN-SOURCE'
[pin_not_connected]: Pin not connected
    ; error
    @(199.39 mm, 24.13 mm): Hierarchical Sheet Pin 'GNDIN'
[pin_not_connected]: Pin not connected
    ; error
    @(214.63 mm, 256.54 mm): Hierarchical Sheet Pin 'SIGM'
[pin_not_connected]: Pin not connected
    ; error
    @(381.00 mm, 129.54 mm): Hierarchical Sheet Pin 'VOUT-BOOST'
[lib_symbol_issues]: The current configuration does not include the symbol library 'dos input caps'
    ; warning
    @(19.05 mm, 35.56 mm): Symbol C25 [UUX2A470MNL1GS]
[lib_symbol_issues]: The current configuration does not include the symbol library 'dos input caps'
    ; warning
    @(27.94 mm, 36.83 mm): Symbol C26 [UUX2A470MNL1GS]
[isolated_pin_label]: Label connected to only one pin
    ; warning
    @(71.12 mm, 27.94 mm): Hierarchical Label 'VIN-SOURCE'
[isolated_pin_label]: Label connected to only one pin
    ; warning
    @(144.78 mm, 158.75 mm): Hierarchical Label 'SIGM'
[lib_symbol_issues]: The current configuration does not include the symbol library '2026-06-12_01-18-21'
    ; warning
    @(181.61 mm, 20.32 mm): Symbol U2 [LM5122QMHX_NOPB]
[lib_symbol_issues]: The current configuration does not include the symbol library '2026-06-12_01-18-21'
    ; warning
    @(181.61 mm, 55.88 mm): Symbol U3 [LM5122QMHX_NOPB]
[lib_symbol_issues]: The current configuration does not include the symbol library 'BQ25756'
    ; warning
    @(106.68 mm, 27.94 mm): Symbol U1 [BQ25756RRVR]

***** Sheet /BOOST-SECTION/
[pin_not_driven]: Input pin not driven by any Output pins
    ; error
    @(21.59 mm, 116.84 mm): Symbol Q3 Pin 4 [G, Input, Line]
[pin_not_driven]: Input pin not driven by any Output pins
    ; error
    @(36.83 mm, 104.14 mm): Symbol Q4 Pin 4 [G, Input, Line]
[power_pin_not_driven]: Input Power pin not driven by any Output Power pins
    ; error
    @(60.96 mm, 68.58 mm): Symbol #PWR013 Pin 1 [Power input, Line]
[pin_not_driven]: Input pin not driven by any Output pins
    ; error
    @(72.39 mm, 118.11 mm): Symbol Q1 Pin 4 [G, Input, Line]
[pin_not_driven]: Input pin not driven by any Output pins
    ; error
    @(87.63 mm, 105.41 mm): Symbol Q2 Pin 4 [G, Input, Line]
[pin_not_driven]: Input pin not driven by any Output pins
    ; error
    @(181.61 mm, 35.56 mm): Symbol U2 Pin 7 [SS, Input, Line]
[pin_not_driven]: Input pin not driven by any Output pins
    ; error
    @(181.61 mm, 38.10 mm): Symbol U2 Pin 8 [SYNCIN/RT, Input, Line]
[pin_not_driven]: Input pin not driven by any Output pins
    ; error
    @(181.61 mm, 43.18 mm): Symbol U2 Pin 10 [FB, Input, Line]
[power_pin_not_driven]: Input Power pin not driven by any Output Power pins
    ; error
    @(252.73 mm, 27.94 mm): Symbol U2 Pin 17 [VCC, Power input, Line]
[pin_to_pin]: Pins of type Output and Output are connected
    ; error
    @(252.73 mm, 35.56 mm): Symbol U2 Pin 14 [RES, Output, Line]
    @(252.73 mm, 71.12 mm): Symbol U3 Pin 14 [RES, Output, Line]
[pin_not_driven]: Input pin not driven by any Output pins
    ; error
    @(252.73 mm, 38.10 mm): Symbol U2 Pin 13 [MODE, Input, Line]
[pin_not_driven]: Input pin not driven by any Output pins
    ; error
    @(252.73 mm, 40.64 mm): Symbol U2 Pin 12 [SLOPE, Input, Line]
[pin_to_pin]: Pins of type Output and Output are connected
    ; error
    @(252.73 mm, 43.18 mm): Symbol U2 Pin 11 [COMP, Output, Line]
    @(252.73 mm, 78.74 mm): Symbol U3 Pin 11 [COMP, Output, Line]
[power_pin_not_driven]: Input Power pin not driven by any Output Power pins
    ; error
    @(252.73 mm, 63.50 mm): Symbol U3 Pin 17 [VCC, Power input, Line]
[pin_not_driven]: Input pin not driven by any Output pins
    ; error
    @(252.73 mm, 76.20 mm): Symbol U3 Pin 12 [SLOPE, Input, Line]
[power_pin_not_driven]: Input Power pin not driven by any Output Power pins
    ; error
    @(273.05 mm, 68.58 mm): Symbol #PWR02 Pin 1 [Power input, Line]
[pin_to_pin]: Pins of type Unspecified and Unspecified are connected
    ; warning
    @(19.05 mm, 35.56 mm): Symbol C25 Pin 1 [Unspecified, Line]
    @(27.94 mm, 36.83 mm): Symbol C26 Pin 1 [Unspecified, Line]
[pin_to_pin]: Pins of type Unspecified and Power input are connected
    ; warning
    @(19.05 mm, 43.18 mm): Symbol C25 Pin 2 [Unspecified, Line]
    @(19.05 mm, 46.99 mm): Symbol #PWR05 Pin 1 [Power input, Line]
[pin_to_pin]: Pins of type Unspecified and Passive are connected
    ; warning
    @(22.86 mm, 68.58 mm): Symbol R5 Pin 2 [Unspecified, Line]
    @(80.01 mm, 27.94 mm): Symbol NT5 Pin 2 [2, Passive, Line]
[pin_to_pin]: Pins of type Unspecified and Passive are connected
    ; warning
    @(26.67 mm, 147.32 mm): Symbol R40 Pin 1 [Unspecified, Line]
    @(80.01 mm, 27.94 mm): Symbol NT5 Pin 2 [2, Passive, Line]
[pin_to_pin]: Pins of type Unspecified and Unspecified are connected
    ; warning
    @(27.94 mm, 36.83 mm): Symbol C26 Pin 1 [Unspecified, Line]
    @(36.83 mm, 35.56 mm): Symbol C27 Pin 1 [Unspecified, Line]
[pin_to_pin]: Pins of type Unspecified and Power input are connected
    ; warning
    @(27.94 mm, 44.45 mm): Symbol C26 Pin 2 [Unspecified, Line]
    @(27.94 mm, 46.99 mm): Symbol #PWR06 Pin 1 [Power input, Line]
[multiple_net_names]: Both GNDPWR and PGNDS are attached to the same items; GNDPWR will be used in the netlist
    ; warning
    @(19.05 mm, 46.99 mm): Symbol #PWR05 Pin 1 [Power input, Line]
    @(31.75 mm, 124.46 mm): Label 'PGNDS'
[pin_to_pin]: Pins of type Unspecified and Passive are connected
    ; warning
    @(35.56 mm, 68.58 mm): Symbol R5 Pin 1 [Unspecified, Line]
    @(38.10 mm, 68.58 mm): Symbol R2 Pin 2 [Passive, Line]
[pin_to_pin]: Pins of type Unspecified and Unspecified are connected
    ; warning
    @(36.83 mm, 35.56 mm): Symbol C27 Pin 1 [Unspecified, Line]
    @(22.86 mm, 68.58 mm): Symbol R5 Pin 2 [Unspecified, Line]
[pin_to_pin]: Pins of type Unspecified and Power input are connected
    ; warning
    @(36.83 mm, 43.18 mm): Symbol C27 Pin 2 [Unspecified, Line]
    @(36.83 mm, 46.99 mm): Symbol #PWR07 Pin 1 [Power input, Line]
[pin_to_pin]: Pins of type Unspecified and Passive are connected
    ; warning
    @(39.37 mm, 147.32 mm): Symbol R40 Pin 2 [Unspecified, Line]
    @(46.99 mm, 147.32 mm): Symbol L8 Pin 1 [1, Passive, Line]
[pin_to_pin]: Pins of type Unspecified and Passive are connected
    ; warning
    @(49.53 mm, 179.07 mm): Symbol C4 Pin 1 [Unspecified, Line]
    @(43.18 mm, 179.07 mm): Symbol D7 Pin 1 [K, Passive, Line]
[pin_to_pin]: Pins of type Unspecified and Passive are connected
    ; warning
    @(57.15 mm, 179.07 mm): Symbol C4 Pin 2 [Unspecified, Line]
    @(114.30 mm, 147.32 mm): Symbol L7 Pin 2 [2, Passive, Line]
[pin_to_pin]: Pins of type Unspecified and Input are connected
    ; warning
    @(74.93 mm, 43.18 mm): Symbol C29 Pin 2 [Unspecified, Line]
    @(181.61 mm, 35.56 mm): Symbol U2 Pin 7 [SS, Input, Line]
[pin_to_pin]: Pins of type Unspecified and Power input are connected
    ; warning
    @(74.93 mm, 50.80 mm): Symbol C29 Pin 1 [Unspecified, Line]
    @(74.93 mm, 52.07 mm): Symbol #PWR016 Pin 1 [Power input, Line]
[pin_to_pin]: Pins of type Unspecified and Unspecified are connected
    ; warning
    @(81.28 mm, 147.32 mm): Symbol R39 Pin 1 [Unspecified, Line]
    @(26.67 mm, 147.32 mm): Symbol R40 Pin 1 [Unspecified, Line]
[pin_to_pin]: Pins of type Unspecified and Input are connected
    ; warning
    @(82.55 mm, 73.66 mm): Symbol R36 Pin 1 [Unspecified, Line]
    @(181.61 mm, 38.10 mm): Symbol U2 Pin 8 [SYNCIN/RT, Input, Line]
[pin_to_pin]: Pins of type Unspecified and Power input are connected
    ; warning
    @(82.55 mm, 86.36 mm): Symbol R36 Pin 2 [Unspecified, Line]
    @(82.55 mm, 88.90 mm): Symbol #PWR015 Pin 1 [Power input, Line]
[pin_to_pin]: Pins of type Unspecified and Passive are connected
    ; warning
    @(93.98 mm, 147.32 mm): Symbol R39 Pin 2 [Unspecified, Line]
    @(106.68 mm, 147.32 mm): Symbol L7 Pin 1 [1, Passive, Line]
[pin_to_pin]: Pins of type Unspecified and Input are connected
    ; warning
    @(97.79 mm, 24.13 mm): Symbol R1 Pin 2 [Unspecified, Line]
    @(181.61 mm, 43.18 mm): Symbol U2 Pin 10 [FB, Input, Line]
[pin_to_pin]: Pins of type Unspecified and Output are connected
    ; warning
    @(97.79 mm, 44.45 mm): Symbol C1 Pin 2 [Unspecified, Line]
    @(252.73 mm, 35.56 mm): Symbol U2 Pin 14 [RES, Output, Line]
[pin_to_pin]: Pins of type Unspecified and Power input are connected
    ; warning
    @(97.79 mm, 52.07 mm): Symbol C1 Pin 1 [Unspecified, Line]
    @(97.79 mm, 53.34 mm): Symbol #PWR024 Pin 1 [Power input, Line]
[pin_to_pin]: Pins of type Unspecified and Input are connected
    ; warning
    @(101.60 mm, 203.20 mm): Symbol R43 Pin 2 [Unspecified, Line]
    @(72.39 mm, 118.11 mm): Symbol Q1 Pin 4 [G, Input, Line]
[pin_to_pin]: Pins of type Unspecified and Input are connected
    ; warning
    @(101.60 mm, 215.90 mm): Symbol R44 Pin 2 [Unspecified, Line]
    @(87.63 mm, 105.41 mm): Symbol Q2 Pin 4 [G, Input, Line]
[pin_to_pin]: Pins of type Unspecified and Input are connected
    ; warning
    @(101.60 mm, 228.60 mm): Symbol R45 Pin 2 [Unspecified, Line]
    @(21.59 mm, 116.84 mm): Symbol Q3 Pin 4 [G, Input, Line]
[pin_to_pin]: Pins of type Unspecified and Input are connected
    ; warning
    @(101.60 mm, 241.30 mm): Symbol R46 Pin 2 [Unspecified, Line]
    @(36.83 mm, 104.14 mm): Symbol Q4 Pin 4 [G, Input, Line]
[pin_to_pin]: Pins of type Unspecified and Passive are connected
    ; warning
    @(106.68 mm, 179.07 mm): Symbol C6 Pin 1 [Unspecified, Line]
    @(99.06 mm, 179.07 mm): Symbol D8 Pin 1 [K, Passive, Line]
[pin_to_pin]: Pins of type Unspecified and Unspecified are connected
    ; warning
    @(111.76 mm, 24.13 mm): Symbol C2 Pin 1 [Unspecified, Line]
    @(110.49 mm, 24.13 mm): Symbol R1 Pin 1 [Unspecified, Line]
[pin_to_pin]: Pins of type Unspecified and Passive are connected
    ; warning
    @(114.30 mm, 179.07 mm): Symbol C6 Pin 2 [Unspecified, Line]
    @(54.61 mm, 147.32 mm): Symbol L8 Pin 2 [2, Passive, Line]
[pin_to_pin]: Pins of type Unspecified and Output are connected
    ; warning
    @(114.30 mm, 203.20 mm): Symbol R43 Pin 1 [Unspecified, Line]
    @(252.73 mm, 30.48 mm): Symbol U2 Pin 16 [LO, Output, Line]
[pin_to_pin]: Pins of type Unspecified and Output are connected
    ; warning
    @(114.30 mm, 215.90 mm): Symbol R44 Pin 1 [Unspecified, Line]
    @(252.73 mm, 22.86 mm): Symbol U2 Pin 19 [HO, Output, Line]
[pin_to_pin]: Pins of type Unspecified and Output are connected
    ; warning
    @(114.30 mm, 228.60 mm): Symbol R45 Pin 1 [Unspecified, Line]
    @(252.73 mm, 66.04 mm): Symbol U3 Pin 16 [LO, Output, Line]
[pin_to_pin]: Pins of type Unspecified and Output are connected
    ; warning
    @(114.30 mm, 241.30 mm): Symbol R46 Pin 1 [Unspecified, Line]
    @(252.73 mm, 58.42 mm): Symbol U3 Pin 19 [HO, Output, Line]
[pin_to_pin]: Pins of type Unspecified and Output are connected
    ; warning
    @(119.38 mm, 24.13 mm): Symbol C2 Pin 2 [Unspecified, Line]
    @(252.73 mm, 43.18 mm): Symbol U2 Pin 11 [COMP, Output, Line]
[pin_to_pin]: Pins of type Unspecified and Passive are connected
    ; warning
    @(139.70 mm, 97.79 mm): Symbol R7 Pin 2 [Unspecified, Line]
    @(40.64 mm, 179.07 mm): Symbol D7 Pin 2 [A, Passive, Line]
[pin_to_pin]: Pins of type Unspecified and Input are connected
    ; warning
    @(139.70 mm, 110.49 mm): Symbol R7 Pin 1 [Unspecified, Line]
    @(252.73 mm, 73.66 mm): Symbol U3 Pin 13 [MODE, Input, Line]
[pin_to_pin]: Pins of type Unspecified and Unspecified are connected
    ; warning
    @(144.78 mm, 115.57 mm): Symbol Q5 Pin 3 [D, Unspecified, Line]
    @(139.70 mm, 110.49 mm): Symbol R7 Pin 1 [Unspecified, Line]
[pin_to_pin]: Pins of type Unspecified and Power input are connected
    ; warning
    @(147.32 mm, 115.57 mm): Symbol Q5 Pin 2 [S, Unspecified, Line]
    @(166.37 mm, 115.57 mm): Symbol #PWR026 Pin 1 [Power input, Line]
[pin_to_pin]: Pins of type Unspecified and Passive are connected
    ; warning
    @(165.10 mm, 203.20 mm): Symbol R47 Pin 2 [Unspecified, Line]
    @(114.30 mm, 147.32 mm): Symbol L7 Pin 2 [2, Passive, Line]
[pin_to_pin]: Pins of type Unspecified and Unspecified are connected
    ; warning
    @(165.10 mm, 215.90 mm): Symbol C41 Pin 1 [Unspecified, Line]
    @(177.80 mm, 203.20 mm): Symbol R47 Pin 1 [Unspecified, Line]
[pin_to_pin]: Pins of type Unspecified and Passive are connected
    ; warning
    @(165.10 mm, 228.60 mm): Symbol R48 Pin 2 [Unspecified, Line]
    @(54.61 mm, 147.32 mm): Symbol L8 Pin 2 [2, Passive, Line]
[pin_to_pin]: Pins of type Unspecified and Unspecified are connected
    ; warning
    @(165.10 mm, 241.30 mm): Symbol C42 Pin 1 [Unspecified, Line]
    @(177.80 mm, 228.60 mm): Symbol R48 Pin 1 [Unspecified, Line]
[pin_to_pin]: Pins of type Unspecified and Unspecified are connected
    ; warning
    @(172.72 mm, 215.90 mm): Symbol C41 Pin 2 [Unspecified, Line]
    @(172.72 mm, 241.30 mm): Symbol C42 Pin 2 [Unspecified, Line]
[pin_to_pin]: Pins of type Unspecified and Power input are connected
    ; warning
    @(172.72 mm, 241.30 mm): Symbol C42 Pin 2 [Unspecified, Line]
    @(156.21 mm, 175.26 mm): Symbol #PWR022 Pin 1 [Power input, Line]
[multiple_net_names]: Both GNDA and OPT are attached to the same items; GNDA will be used in the netlist
    ; warning
    @(97.79 mm, 53.34 mm): Symbol #PWR024 Pin 1 [Power input, Line]
    @(179.07 mm, 58.42 mm): Label 'OPT'
[pin_to_pin]: Pins of type Unspecified and Power input are connected
    ; warning
    @(189.23 mm, 153.67 mm): Symbol R4 Pin 1 [Unspecified, Line]
    @(185.42 mm, 153.67 mm): Symbol #PWR014 Pin 1 [Power input, Line]
[pin_to_pin]: Pins of type Unspecified and Input are connected
    ; warning
    @(199.39 mm, 107.95 mm): Symbol R42 Pin 1 [Unspecified, Line]
    @(252.73 mm, 40.64 mm): Symbol U2 Pin 12 [SLOPE, Input, Line]
[pin_to_pin]: Pins of type Unspecified and Power input are connected
    ; warning
    @(199.39 mm, 120.65 mm): Symbol R42 Pin 2 [Unspecified, Line]
    @(199.39 mm, 121.92 mm): Symbol #PWR018 Pin 1 [Power input, Line]
[pin_to_pin]: Pins of type Unspecified and Unspecified are connected
    ; warning
    @(201.93 mm, 153.67 mm): Symbol R3 Pin 1 [Unspecified, Line]
    @(201.93 mm, 153.67 mm): Symbol R4 Pin 2 [Unspecified, Line]
[pin_to_pin]: Pins of type Unspecified and Input are connected
    ; warning
    @(201.93 mm, 153.67 mm): Symbol R4 Pin 2 [Unspecified, Line]
    @(181.61 mm, 43.18 mm): Symbol U2 Pin 10 [FB, Input, Line]
[pin_to_pin]: Pins of type Unspecified and Passive are connected
    ; warning
    @(214.63 mm, 153.67 mm): Symbol R3 Pin 2 [Unspecified, Line]
    @(255.27 mm, 160.02 mm): Symbol J1 Pin 1 [Pin_1, Passive, Line]
[pin_to_pin]: Pins of type Unspecified and Input are connected
    ; warning
    @(215.90 mm, 107.95 mm): Symbol R38 Pin 2 [Unspecified, Line]
    @(252.73 mm, 76.20 mm): Symbol U3 Pin 12 [SLOPE, Input, Line]
[pin_to_pin]: Pins of type Unspecified and Power input are connected
    ; warning
    @(215.90 mm, 120.65 mm): Symbol R38 Pin 1 [Unspecified, Line]
    @(215.90 mm, 121.92 mm): Symbol #PWR017 Pin 1 [Power input, Line]
[multiple_net_names]: Both CSPM and VIN are attached to the same items; CSPM will be used in the netlist
    ; warning
    @(177.80 mm, 27.94 mm): Label 'CSPM'
    @(226.06 mm, 203.20 mm): Label 'VIN'
[pin_to_pin]: Pins of type Unspecified and Unspecified are connected
    ; warning
    @(228.60 mm, 203.20 mm): Symbol C37 Pin 1 [Unspecified, Line]
    @(228.60 mm, 215.90 mm): Symbol C38 Pin 1 [Unspecified, Line]
[pin_to_pin]: Pins of type Unspecified and Unspecified are connected
    ; warning
    @(228.60 mm, 215.90 mm): Symbol C38 Pin 1 [Unspecified, Line]
    @(228.60 mm, 228.60 mm): Symbol C39 Pin 1 [Unspecified, Line]
[pin_to_pin]: Pins of type Unspecified and Unspecified are connected
    ; warning
    @(228.60 mm, 228.60 mm): Symbol C39 Pin 1 [Unspecified, Line]
    @(228.60 mm, 241.30 mm): Symbol C40 Pin 1 [Unspecified, Line]
[pin_to_pin]: Pins of type Unspecified and Unspecified are connected
    ; warning
    @(228.60 mm, 241.30 mm): Symbol C40 Pin 1 [Unspecified, Line]
    @(81.28 mm, 147.32 mm): Symbol R39 Pin 1 [Unspecified, Line]
[pin_to_pin]: Pins of type Unspecified and Unspecified are connected
    ; warning
    @(236.22 mm, 203.20 mm): Symbol C37 Pin 2 [Unspecified, Line]
    @(236.22 mm, 215.90 mm): Symbol C38 Pin 2 [Unspecified, Line]
[pin_to_pin]: Pins of type Unspecified and Unspecified are connected
    ; warning
    @(236.22 mm, 215.90 mm): Symbol C38 Pin 2 [Unspecified, Line]
    @(236.22 mm, 228.60 mm): Symbol C39 Pin 2 [Unspecified, Line]
[pin_to_pin]: Pins of type Unspecified and Unspecified are connected
    ; warning
    @(236.22 mm, 228.60 mm): Symbol C39 Pin 2 [Unspecified, Line]
    @(236.22 mm, 241.30 mm): Symbol C40 Pin 2 [Unspecified, Line]
[pin_to_pin]: Pins of type Unspecified and Unspecified are connected
    ; warning
    @(236.22 mm, 241.30 mm): Symbol C40 Pin 2 [Unspecified, Line]
    @(172.72 mm, 241.30 mm): Symbol C42 Pin 2 [Unspecified, Line]
[pin_to_pin]: Pins of type Unspecified and Passive are connected
    ; warning
    @(245.11 mm, 127.00 mm): Symbol C35 Pin 1 [Unspecified, Line]
    @(256.54 mm, 121.92 mm): Symbol C33 Pin 2 [2, Passive, Line]
[pin_to_pin]: Pins of type Unspecified and Power input are connected
    ; warning
    @(245.11 mm, 134.62 mm): Symbol C35 Pin 2 [Unspecified, Line]
    @(245.11 mm, 135.89 mm): Symbol #PWR08 Pin 1 [Power input, Line]
[pin_to_pin]: Pins of type Unspecified and Passive are connected
    ; warning
    @(266.70 mm, 127.00 mm): Symbol C36 Pin 1 [Unspecified, Line]
    @(256.54 mm, 121.92 mm): Symbol C33 Pin 2 [2, Passive, Line]
[pin_to_pin]: Pins of type Unspecified and Power input are connected
    ; warning
    @(266.70 mm, 134.62 mm): Symbol C36 Pin 2 [Unspecified, Line]
    @(266.70 mm, 135.89 mm): Symbol #PWR025 Pin 1 [Power input, Line]

***** Sheet /Charging Section/
[hier_label_mismatch]: Hierarchical label I2C_SCL has no matching sheet pin in the parent sheet
    ; error
    @(31.75 mm, 26.67 mm): Hierarchical Label 'I2C_SCL'
[hier_label_mismatch]: Hierarchical label I2C_SDA has no matching sheet pin in the parent sheet
    ; error
    @(31.75 mm, 39.37 mm): Hierarchical Label 'I2C_SDA'
[hier_label_mismatch]: Hierarchical label CHG_CE has no matching sheet pin in the parent sheet
    ; error
    @(31.75 mm, 52.07 mm): Hierarchical Label 'CHG_CE'
[hier_label_mismatch]: Hierarchical label CHG_INT has no matching sheet pin in the parent sheet
    ; error
    @(31.75 mm, 64.77 mm): Hierarchical Label 'CHG_INT'
[hier_label_mismatch]: Hierarchical label 3v3 has no matching sheet pin in the parent sheet
    ; error
    @(39.37 mm, 30.48 mm): Hierarchical Label '3v3'
[power_pin_not_driven]: Input Power pin not driven by any Output Power pins
    ; error
    @(106.68 mm, 71.12 mm): Symbol U1 Pin 18 [SW2, Power input, Line]
[pin_to_pin]: Pins of type Power output and Power output are connected
    ; error
    @(162.56 mm, 27.94 mm): Symbol U1 Pin 37 [EPAD, Power output, Line]
    @(106.68 mm, 68.58 mm): Symbol U1 Pin 17 [PGND, Power output, Line]
[power_pin_not_driven]: Input Power pin not driven by any Output Power pins
    ; error
    @(162.56 mm, 30.48 mm): Symbol U1 Pin 36 [FSW_SYNC, Power input, Line]
[power_pin_not_driven]: Input Power pin not driven by any Output Power pins
    ; error
    @(162.56 mm, 40.64 mm): Symbol U1 Pin 32 [VAC, Power input, Line]
[power_pin_not_driven]: Input Power pin not driven by any Output Power pins
    ; error
    @(162.56 mm, 50.80 mm): Symbol U1 Pin 28 [SW1, Power input, Line]
[power_pin_not_driven]: Input Power pin not driven by any Output Power pins
    ; error
    @(162.56 mm, 55.88 mm): Symbol U1 Pin 26 [BTST1, Power input, Line]
[power_pin_not_driven]: Input Power pin not driven by any Output Power pins
    ; error
    @(162.56 mm, 60.96 mm): Symbol U1 Pin 24 [REGN, Power input, Line]
[power_pin_not_driven]: Input Power pin not driven by any Output Power pins
    ; error
    @(162.56 mm, 63.50 mm): Symbol U1 Pin 23 [DRV_SUP, Power input, Line]
[power_pin_not_driven]: Input Power pin not driven by any Output Power pins
    ; error
    @(162.56 mm, 71.12 mm): Symbol U1 Pin 20 [BTST2, Power input, Line]
[hier_label_mismatch]: Hierarchical label VIN-SOURCE has no matching sheet pin in the parent sheet
    ; error
    @(208.28 mm, 132.08 mm): Hierarchical Label 'VIN-SOURCE'
[multiple_net_names]: Both GND and Input NEG are attached to the same items; GND will be used in the netlist
    ; warning
    @(48.26 mm, 127.00 mm): Symbol #PWR053 Pin 1 [Power input, Line]
    @(39.37 mm, 151.13 mm): Label 'Input NEG'
[pin_to_pin]: Pins of type Unspecified and Output are connected
    ; warning
    @(109.22 mm, 170.18 mm): Symbol Q6 Pin 4 [G, Unspecified, Line]
    @(162.56 mm, 58.42 mm): Symbol U1 Pin 25 [LODRV1, Output, Line]
[pin_to_pin]: Pins of type Unspecified and Unspecified are connected
    ; warning
    @(114.30 mm, 160.02 mm): Symbol Q6 Pin 5 [D, Unspecified, Line]
    @(116.84 mm, 160.02 mm): Symbol Q6 Pin 6 [D, Unspecified, Line]
[pin_to_pin]: Pins of type Unspecified and Power input are connected
    ; warning
    @(114.30 mm, 175.26 mm): Symbol Q6 Pin 1 [S, Unspecified, Line]
    @(116.84 mm, 175.26 mm): Symbol #PWR054 Pin 1 [Power input, Line]
[pin_to_pin]: Pins of type Unspecified and Unspecified are connected
    ; warning
    @(116.84 mm, 160.02 mm): Symbol Q6 Pin 6 [D, Unspecified, Line]
    @(119.38 mm, 160.02 mm): Symbol Q6 Pin 7 [D, Unspecified, Line]
[pin_to_pin]: Pins of type Unspecified and Power input are connected
    ; warning
    @(116.84 mm, 175.26 mm): Symbol Q6 Pin 2 [S, Unspecified, Line]
    @(116.84 mm, 175.26 mm): Symbol #PWR054 Pin 1 [Power input, Line]
[pin_to_pin]: Pins of type Unspecified and Unspecified are connected
    ; warning
    @(119.38 mm, 160.02 mm): Symbol Q6 Pin 7 [D, Unspecified, Line]
    @(121.92 mm, 160.02 mm): Symbol Q6 Pin 8 [D, Unspecified, Line]
[pin_to_pin]: Pins of type Unspecified and Power input are connected
    ; warning
    @(119.38 mm, 175.26 mm): Symbol Q6 Pin 3 [S, Unspecified, Line]
    @(116.84 mm, 175.26 mm): Symbol #PWR054 Pin 1 [Power input, Line]
[pin_to_pin]: Pins of type Unspecified and Output are connected
    ; warning
    @(121.92 mm, 137.16 mm): Symbol Q7 Pin 4 [G, Unspecified, Line]
    @(162.56 mm, 53.34 mm): Symbol U1 Pin 27 [HIDRV1, Output, Line]
[pin_to_pin]: Pins of type Unspecified and Passive are connected
    ; warning
    @(121.92 mm, 160.02 mm): Symbol Q6 Pin 8 [D, Unspecified, Line]
    @(115.57 mm, 146.05 mm): Symbol C7 Pin 2 [Passive, Line]
[pin_to_pin]: Pins of type Unspecified and Unspecified are connected
    ; warning
    @(127.00 mm, 127.00 mm): Symbol Q7 Pin 5 [D, Unspecified, Line]
    @(129.54 mm, 127.00 mm): Symbol Q7 Pin 6 [D, Unspecified, Line]
[pin_to_pin]: Pins of type Unspecified and Unspecified are connected
    ; warning
    @(127.00 mm, 142.24 mm): Symbol Q7 Pin 1 [S, Unspecified, Line]
    @(129.54 mm, 142.24 mm): Symbol Q7 Pin 2 [S, Unspecified, Line]
[pin_to_pin]: Pins of type Unspecified and Unspecified are connected
    ; warning
    @(129.54 mm, 127.00 mm): Symbol Q7 Pin 6 [D, Unspecified, Line]
    @(132.08 mm, 127.00 mm): Symbol Q7 Pin 7 [D, Unspecified, Line]
[pin_to_pin]: Pins of type Unspecified and Unspecified are connected
    ; warning
    @(129.54 mm, 142.24 mm): Symbol Q7 Pin 2 [S, Unspecified, Line]
    @(132.08 mm, 142.24 mm): Symbol Q7 Pin 3 [S, Unspecified, Line]
[pin_to_pin]: Pins of type Unspecified and Unspecified are connected
    ; warning
    @(132.08 mm, 127.00 mm): Symbol Q7 Pin 7 [D, Unspecified, Line]
    @(134.62 mm, 127.00 mm): Symbol Q7 Pin 8 [D, Unspecified, Line]
[pin_to_pin]: Pins of type Unspecified and Passive are connected
    ; warning
    @(132.08 mm, 142.24 mm): Symbol Q7 Pin 3 [S, Unspecified, Line]
    @(130.81 mm, 146.05 mm): Symbol L2 Pin 1 [1, Passive, Line]
[pin_to_pin]: Pins of type Unspecified and Passive are connected
    ; warning
    @(134.62 mm, 127.00 mm): Symbol Q7 Pin 8 [D, Unspecified, Line]
    @(102.87 mm, 119.38 mm): Symbol C12 Pin 2 [Passive, Line]
[multiple_net_names]: Both BAT-TEMP-TS and TS are attached to the same items; BAT-TEMP-TS will be used in the netlist
    ; warning
    @(120.65 mm, 92.71 mm): Label 'BAT-TEMP-TS'
    @(138.43 mm, 92.71 mm): Label 'TS'
[pin_to_pin]: Pins of type Unspecified and Output are connected
    ; warning
    @(144.78 mm, 160.02 mm): Symbol Q8 Pin 4 [G, Unspecified, Line]
    @(162.56 mm, 68.58 mm): Symbol U1 Pin 21 [LODRV2, Output, Line]
[pin_to_pin]: Pins of type Unspecified and Output are connected
    ; warning
    @(146.05 mm, 139.70 mm): Symbol Q9 Pin 4 [G, Unspecified, Line]
    @(162.56 mm, 73.66 mm): Symbol U1 Pin 19 [HIDRV2, Output, Line]
[pin_to_pin]: Pins of type Unspecified and Unspecified are connected
    ; warning
    @(149.86 mm, 149.86 mm): Symbol Q8 Pin 5 [D, Unspecified, Line]
    @(152.40 mm, 149.86 mm): Symbol Q8 Pin 6 [D, Unspecified, Line]
[pin_to_pin]: Pins of type Unspecified and Power input are connected
    ; warning
    @(149.86 mm, 165.10 mm): Symbol Q8 Pin 1 [S, Unspecified, Line]
    @(152.40 mm, 165.10 mm): Symbol #PWR055 Pin 1 [Power input, Line]
[pin_to_pin]: Pins of type Unspecified and Unspecified are connected
    ; warning
    @(151.13 mm, 129.54 mm): Symbol Q9 Pin 5 [D, Unspecified, Line]
    @(153.67 mm, 129.54 mm): Symbol Q9 Pin 6 [D, Unspecified, Line]
[pin_to_pin]: Pins of type Unspecified and Passive are connected
    ; warning
    @(151.13 mm, 144.78 mm): Symbol Q9 Pin 1 [S, Unspecified, Line]
    @(151.13 mm, 146.05 mm): Symbol L2 Pin 2 [2, Passive, Line]
[pin_to_pin]: Pins of type Unspecified and Unspecified are connected
    ; warning
    @(152.40 mm, 149.86 mm): Symbol Q8 Pin 6 [D, Unspecified, Line]
    @(154.94 mm, 149.86 mm): Symbol Q8 Pin 7 [D, Unspecified, Line]
[pin_to_pin]: Pins of type Unspecified and Power input are connected
    ; warning
    @(152.40 mm, 165.10 mm): Symbol Q8 Pin 2 [S, Unspecified, Line]
    @(152.40 mm, 165.10 mm): Symbol #PWR055 Pin 1 [Power input, Line]
[pin_to_pin]: Pins of type Unspecified and Unspecified are connected
    ; warning
    @(153.67 mm, 129.54 mm): Symbol Q9 Pin 6 [D, Unspecified, Line]
    @(156.21 mm, 129.54 mm): Symbol Q9 Pin 7 [D, Unspecified, Line]
[pin_to_pin]: Pins of type Unspecified and Unspecified are connected
    ; warning
    @(153.67 mm, 144.78 mm): Symbol Q9 Pin 2 [S, Unspecified, Line]
    @(156.21 mm, 144.78 mm): Symbol Q9 Pin 3 [S, Unspecified, Line]
[pin_to_pin]: Pins of type Unspecified and Unspecified are connected
    ; warning
    @(154.94 mm, 149.86 mm): Symbol Q8 Pin 7 [D, Unspecified, Line]
    @(157.48 mm, 149.86 mm): Symbol Q8 Pin 8 [D, Unspecified, Line]
[pin_to_pin]: Pins of type Unspecified and Power input are connected
    ; warning
    @(154.94 mm, 165.10 mm): Symbol Q8 Pin 3 [S, Unspecified, Line]
    @(152.40 mm, 165.10 mm): Symbol #PWR055 Pin 1 [Power input, Line]
[pin_to_pin]: Pins of type Unspecified and Unspecified are connected
    ; warning
    @(156.21 mm, 129.54 mm): Symbol Q9 Pin 7 [D, Unspecified, Line]
    @(158.75 mm, 129.54 mm): Symbol Q9 Pin 8 [D, Unspecified, Line]
[pin_to_pin]: Pins of type Unspecified and Passive are connected
    ; warning
    @(156.21 mm, 144.78 mm): Symbol Q9 Pin 3 [S, Unspecified, Line]
    @(151.13 mm, 146.05 mm): Symbol L2 Pin 2 [2, Passive, Line]
[pin_to_pin]: Pins of type Unspecified and Unspecified are connected
    ; warning
    @(157.48 mm, 149.86 mm): Symbol Q8 Pin 8 [D, Unspecified, Line]
    @(156.21 mm, 144.78 mm): Symbol Q9 Pin 3 [S, Unspecified, Line]
[pin_to_pin]: Pins of type Unspecified and Passive are connected
    ; warning
    @(158.75 mm, 129.54 mm): Symbol Q9 Pin 8 [D, Unspecified, Line]
    @(165.10 mm, 127.00 mm): Symbol C16 Pin 1 [Passive, Line]
[multiple_net_names]: Both Battery POS and VIN-SOURCE are attached to the same items; Battery POS will be used in the netlist
    ; warning
    @(58.42 mm, 91.44 mm): Label 'Battery POS'
    @(208.28 mm, 132.08 mm): Hierarchical Label 'VIN-SOURCE'
[multiple_net_names]: Both Input POS and VAC are attached to the same items; Input POS will be used in the netlist
    ; warning
    @(45.72 mm, 119.38 mm): Label 'Input POS'
    @(243.84 mm, 48.26 mm): Label 'VAC'

***** Sheet /Control/
[pin_not_connected]: Pin not connected
    ; error
    @(30.48 mm, 99.06 mm): Symbol P1 Pin SH [SHIELD, Passive, Line]
[pin_not_connected]: Pin not connected
    ; error
    @(38.10 mm, 99.06 mm): Symbol P1 Hidden pin B1 [GND, Passive, Line]
[pin_not_connected]: Pin not connected
    ; error
    @(53.34 mm, 60.96 mm): Symbol P1 Hidden pin B9 [VBUS, Passive, Line]
[pin_not_connected]: Pin not connected
    ; error
    @(53.34 mm, 66.04 mm): Symbol P1 Pin A5 [CC, Bidirectional, Line]
[pin_not_connected]: Pin not connected
    ; error
    @(53.34 mm, 68.58 mm): Symbol P1 Pin B5 [VCONN, Bidirectional, Line]
[pin_not_connected]: Pin not connected
    ; error
    @(53.34 mm, 73.66 mm): Symbol P1 Pin A7 [D-, Bidirectional, Line]
[pin_not_connected]: Pin not connected
    ; error
    @(53.34 mm, 78.74 mm): Symbol P1 Pin A6 [D+, Bidirectional, Line]
[pin_not_connected]: Pin not connected
    ; error
    @(116.84 mm, 80.01 mm): Symbol U4 Pin 51 [USB_DM, Bidirectional, Line]
[pin_not_connected]: Pin not connected
    ; error
    @(116.84 mm, 82.55 mm): Symbol U4 Pin 52 [USB_DP, Bidirectional, Line]
[pin_not_connected]: Pin not connected
    ; error
    @(116.84 mm, 92.71 mm): Symbol U4 Pin 56 [QSPI_SCLK, Output, Line]
[pin_not_connected]: Pin not connected
    ; error
    @(116.84 mm, 95.25 mm): Symbol U4 Pin 57 [QSPI_SD0, Bidirectional, Line]
[pin_not_connected]: Pin not connected
    ; error
    @(116.84 mm, 97.79 mm): Symbol U4 Pin 59 [QSPI_SD1, Bidirectional, Line]
[pin_not_connected]: Pin not connected
    ; error
    @(116.84 mm, 100.33 mm): Symbol U4 Pin 58 [QSPI_SD2, Bidirectional, Line]
[pin_not_connected]: Pin not connected
    ; error
    @(116.84 mm, 102.87 mm): Symbol U4 Pin 55 [QSPI_SD3, Bidirectional, Line]
[pin_not_connected]: Pin not connected
    ; error
    @(116.84 mm, 110.49 mm): Symbol U4 Pin 21 [XIN, Input, Line]
[pin_not_driven]: Input pin not driven by any Output pins
    ; error
    @(116.84 mm, 110.49 mm): Symbol U4 Pin 21 [XIN, Input, Line]
[pin_not_connected]: Pin not connected
    ; error
    @(116.84 mm, 120.65 mm): Symbol U4 Pin 22 [XOUT, Output, Line]
[pin_not_connected]: Pin not connected
    ; error
    @(116.84 mm, 128.27 mm): Symbol U4 Pin 24 [SWCLK, Input, Line]
[pin_not_driven]: Input pin not driven by any Output pins
    ; error
    @(116.84 mm, 128.27 mm): Symbol U4 Pin 24 [SWCLK, Input, Line]
[pin_not_connected]: Pin not connected
    ; error
    @(116.84 mm, 130.81 mm): Symbol U4 Pin 25 [SWDIO, Bidirectional, Line]
[pin_not_connected]: Pin not connected
    ; error
    @(124.46 mm, 49.53 mm): Symbol U4 Pin 46 [VREG_AVDD, Power input, Line]
[power_pin_not_driven]: Input Power pin not driven by any Output Power pins
    ; error
    @(124.46 mm, 49.53 mm): Symbol U4 Pin 46 [VREG_AVDD, Power input, Line]
[pin_not_connected]: Pin not connected
    ; error
    @(129.54 mm, 49.53 mm): Symbol U4 Pin 53 [USB_OTP_VDD, Power input, Line]
[power_pin_not_driven]: Input Power pin not driven by any Output Power pins
    ; error
    @(129.54 mm, 49.53 mm): Symbol U4 Pin 53 [USB_OTP_VDD, Power input, Line]
[pin_not_connected]: Pin not connected
    ; error
    @(132.08 mm, 49.53 mm): Symbol U4 Pin 44 [ADC_AVDD, Power input, Line]
[power_pin_not_driven]: Input Power pin not driven by any Output Power pins
    ; error
    @(132.08 mm, 49.53 mm): Symbol U4 Pin 44 [ADC_AVDD, Power input, Line]
[pin_not_connected]: Pin not connected
    ; error
    @(137.16 mm, 49.53 mm): Symbol U4 Pin 54 [QSPI_IOVDD, Power input, Line]
[power_pin_not_driven]: Input Power pin not driven by any Output Power pins
    ; error
    @(137.16 mm, 49.53 mm): Symbol U4 Pin 54 [QSPI_IOVDD, Power input, Line]
[pin_not_connected]: Pin not connected
    ; error
    @(139.70 mm, 49.53 mm): Symbol U4 Pin 1 [IOVDD, Power input, Line]
[power_pin_not_driven]: Input Power pin not driven by any Output Power pins
    ; error
    @(139.70 mm, 49.53 mm): Symbol U4 Pin 1 [IOVDD, Power input, Line]
[pin_not_connected]: Pin not connected
    ; error
    @(139.70 mm, 140.97 mm): Symbol U4 Pin 47 [VREG_PGND, Power input, Line]
[power_pin_not_driven]: Input Power pin not driven by any Output Power pins
    ; error
    @(139.70 mm, 140.97 mm): Symbol U4 Pin 47 [VREG_PGND, Power input, Line]
[pin_not_connected]: Pin not connected
    ; error
    @(142.24 mm, 140.97 mm): Symbol U4 Pin 61 [GND, Power input, Line]
[power_pin_not_driven]: Input Power pin not driven by any Output Power pins
    ; error
    @(142.24 mm, 140.97 mm): Symbol U4 Pin 61 [GND, Power input, Line]
[pin_not_connected]: Pin not connected
    ; error
    @(144.78 mm, 49.53 mm): Symbol U4 Pin 49 [VREG_VIN, Power input, Line]
[power_pin_not_driven]: Input Power pin not driven by any Output Power pins
    ; error
    @(144.78 mm, 49.53 mm): Symbol U4 Pin 49 [VREG_VIN, Power input, Line]
[pin_not_connected]: Pin not connected
    ; error
    @(147.32 mm, 49.53 mm): Symbol U4 Pin 48 [VREG_LX, Power output, Line]
[pin_not_connected]: Pin not connected
    ; error
    @(149.86 mm, 49.53 mm): Symbol U4 Pin 50 [VREG_FB, Passive, Line]
[pin_not_connected]: Pin not connected
    ; error
    @(154.94 mm, 49.53 mm): Symbol U4 Pin 6 [DVDD, Power input, Line]
[power_pin_not_driven]: Input Power pin not driven by any Output Power pins
    ; error
    @(154.94 mm, 49.53 mm): Symbol U4 Pin 6 [DVDD, Power input, Line]
[pin_not_connected]: Pin not connected
    ; error
    @(167.64 mm, 59.69 mm): Symbol U4 Pin 3 [GPIO1, Bidirectional, Line]
[pin_not_connected]: Pin not connected
    ; error
    @(167.64 mm, 62.23 mm): Symbol U4 Pin 4 [GPIO2, Bidirectional, Line]
[pin_not_connected]: Pin not connected
    ; error
    @(167.64 mm, 64.77 mm): Symbol U4 Pin 5 [GPIO3, Bidirectional, Line]
[pin_not_connected]: Pin not connected
    ; error
    @(167.64 mm, 67.31 mm): Symbol U4 Pin 7 [GPIO4, Bidirectional, Line]
[pin_not_connected]: Pin not connected
    ; error
    @(167.64 mm, 69.85 mm): Symbol U4 Pin 8 [GPIO5, Bidirectional, Line]
[pin_not_connected]: Pin not connected
    ; error
    @(167.64 mm, 72.39 mm): Symbol U4 Pin 9 [GPIO6, Bidirectional, Line]
[pin_not_connected]: Pin not connected
    ; error
    @(167.64 mm, 74.93 mm): Symbol U4 Pin 10 [GPIO7, Bidirectional, Line]
[pin_not_connected]: Pin not connected
    ; error
    @(167.64 mm, 77.47 mm): Symbol U4 Pin 12 [GPIO8, Bidirectional, Line]
[pin_not_connected]: Pin not connected
    ; error
    @(167.64 mm, 80.01 mm): Symbol U4 Pin 13 [GPIO9, Bidirectional, Line]
[pin_not_connected]: Pin not connected
    ; error
    @(167.64 mm, 82.55 mm): Symbol U4 Pin 14 [GPIO10, Bidirectional, Line]
[pin_not_connected]: Pin not connected
    ; error
    @(167.64 mm, 85.09 mm): Symbol U4 Pin 15 [GPIO11, Bidirectional, Line]
[pin_not_connected]: Pin not connected
    ; error
    @(167.64 mm, 87.63 mm): Symbol U4 Pin 16 [GPIO12, Bidirectional, Line]
[pin_not_connected]: Pin not connected
    ; error
    @(167.64 mm, 90.17 mm): Symbol U4 Pin 17 [GPIO13, Bidirectional, Line]
[pin_not_connected]: Pin not connected
    ; error
    @(167.64 mm, 92.71 mm): Symbol U4 Pin 18 [GPIO14, Bidirectional, Line]
[pin_not_connected]: Pin not connected
    ; error
    @(167.64 mm, 95.25 mm): Symbol U4 Pin 19 [GPIO15, Bidirectional, Line]
[pin_not_connected]: Pin not connected
    ; error
    @(167.64 mm, 97.79 mm): Symbol U4 Pin 27 [GPIO16, Bidirectional, Line]
[pin_not_connected]: Pin not connected
    ; error
    @(167.64 mm, 100.33 mm): Symbol U4 Pin 28 [GPIO17, Bidirectional, Line]
[pin_not_connected]: Pin not connected
    ; error
    @(167.64 mm, 102.87 mm): Symbol U4 Pin 29 [GPIO18, Bidirectional, Line]
[pin_not_connected]: Pin not connected
    ; error
    @(167.64 mm, 105.41 mm): Symbol U4 Pin 31 [GPIO19, Bidirectional, Line]
[pin_not_connected]: Pin not connected
    ; error
    @(167.64 mm, 107.95 mm): Symbol U4 Pin 32 [GPIO20, Bidirectional, Line]
[pin_not_connected]: Pin not connected
    ; error
    @(167.64 mm, 110.49 mm): Symbol U4 Pin 33 [GPIO21, Bidirectional, Line]
[pin_not_connected]: Pin not connected
    ; error
    @(167.64 mm, 113.03 mm): Symbol U4 Pin 34 [GPIO22, Bidirectional, Line]
[pin_not_connected]: Pin not connected
    ; error
    @(167.64 mm, 115.57 mm): Symbol U4 Pin 35 [GPIO23, Bidirectional, Line]
[pin_not_connected]: Pin not connected
    ; error
    @(167.64 mm, 118.11 mm): Symbol U4 Pin 36 [GPIO24, Bidirectional, Line]
[pin_not_connected]: Pin not connected
    ; error
    @(167.64 mm, 120.65 mm): Symbol U4 Pin 37 [GPIO25, Bidirectional, Line]
[pin_not_connected]: Pin not connected
    ; error
    @(167.64 mm, 125.73 mm): Symbol U4 Pin 40 [GPIO26/ADC0, Bidirectional, Line]
[pin_not_connected]: Pin not connected
    ; error
    @(167.64 mm, 128.27 mm): Symbol U4 Pin 41 [GPIO27/ADC1, Bidirectional, Line]
[pin_not_connected]: Pin not connected
    ; error
    @(167.64 mm, 130.81 mm): Symbol U4 Pin 42 [GPIO28/ADC2, Bidirectional, Line]
[pin_not_connected]: Pin not connected
    ; error
    @(167.64 mm, 133.35 mm): Symbol U4 Pin 43 [GPIO29/ADC3, Bidirectional, Line]
[hier_label_mismatch]: Hierarchical label 3v3 has no matching sheet pin in the parent sheet
    ; error
    @(199.39 mm, 40.64 mm): Hierarchical Label '3v3'

 ** ERC messages: 214  Errors 105  Warnings 109

 ** Ignored checks:
    - Global label only appears once in the schematic
    - Four connection points are joined together
    - SPICE model issue
    - Assigned footprint doesn't match footprint filters
